Component: ARM Compiler 5.06 update 6 (build 750) Tool: armlink [4d35ed]

==============================================================================

Section Cross References

    gd32f4xx_it.o(i.TIMER2_IRQHandler) refers to usb_delay.o(i.usb_timer_irq) for usb_timer_irq
    gd32f4xx_it.o(i.USBFS_IRQHandler) refers to usbd_int.o(i.usbd_isr) for usbd_isr
    gd32f4xx_it.o(i.USBFS_IRQHandler) refers to main.o(.data) for usbhs_core_dev
    gd32f4xx_it.o(i.USBFS_WKUP_IRQHandler) refers to system_gd32f4xx.o(i.SystemInit) for SystemInit
    gd32f4xx_it.o(i.USBFS_WKUP_IRQHandler) refers to main.o(i.system_clock_config) for system_clock_config
    gd32f4xx_it.o(i.USBFS_WKUP_IRQHandler) refers to gd32f4xx_rcu.o(i.rcu_pll48m_clock_config) for rcu_pll48m_clock_config
    gd32f4xx_it.o(i.USBFS_WKUP_IRQHandler) refers to gd32f4xx_rcu.o(i.rcu_ck48m_clock_config) for rcu_ck48m_clock_config
    gd32f4xx_it.o(i.USBFS_WKUP_IRQHandler) refers to gd32f4xx_rcu.o(i.rcu_periph_clock_enable) for rcu_periph_clock_enable
    gd32f4xx_it.o(i.USBFS_WKUP_IRQHandler) refers to usb_core.o(i.usb_clock_ungate) for usb_clock_ungate
    gd32f4xx_it.o(i.USBFS_WKUP_IRQHandler) refers to gd32f4xx_exti.o(i.exti_interrupt_flag_clear) for exti_interrupt_flag_clear
    gd32f4xx_it.o(i.USBFS_WKUP_IRQHandler) refers to main.o(.data) for usbhs_core_dev
    usb_delay.o(i.hwp_delay) refers to usb_delay.o(i.hwp_time_set) for hwp_time_set
    usb_delay.o(i.hwp_delay) refers to gd32f4xx_timer.o(i.timer_disable) for timer_disable
    usb_delay.o(i.hwp_delay) refers to usb_delay.o(.data) for delay_time
    usb_delay.o(i.hwp_time_set) refers to gd32f4xx_timer.o(i.timer_disable) for timer_disable
    usb_delay.o(i.hwp_time_set) refers to gd32f4xx_timer.o(i.timer_interrupt_disable) for timer_interrupt_disable
    usb_delay.o(i.hwp_time_set) refers to gd32f4xx_timer.o(i.timer_init) for timer_init
    usb_delay.o(i.hwp_time_set) refers to gd32f4xx_timer.o(i.timer_interrupt_flag_clear) for timer_interrupt_flag_clear
    usb_delay.o(i.hwp_time_set) refers to gd32f4xx_timer.o(i.timer_auto_reload_shadow_enable) for timer_auto_reload_shadow_enable
    usb_delay.o(i.hwp_time_set) refers to gd32f4xx_timer.o(i.timer_interrupt_enable) for timer_interrupt_enable
    usb_delay.o(i.hwp_time_set) refers to gd32f4xx_timer.o(i.timer_enable) for timer_enable
    usb_delay.o(i.hwp_time_set) refers to usb_delay.o(.data) for timer_prescaler
    usb_delay.o(i.usb_mdelay) refers to usb_delay.o(i.hwp_delay) for hwp_delay
    usb_delay.o(i.usb_timer_init) refers to gd32f4xx_misc.o(i.nvic_vector_table_set) for nvic_vector_table_set
    usb_delay.o(i.usb_timer_init) refers to gd32f4xx_misc.o(i.nvic_priority_group_set) for nvic_priority_group_set
    usb_delay.o(i.usb_timer_init) refers to gd32f4xx_misc.o(i.nvic_irq_enable) for nvic_irq_enable
    usb_delay.o(i.usb_timer_init) refers to gd32f4xx_rcu.o(i.rcu_periph_clock_enable) for rcu_periph_clock_enable
    usb_delay.o(i.usb_timer_irq) refers to gd32f4xx_timer.o(i.timer_interrupt_flag_get) for timer_interrupt_flag_get
    usb_delay.o(i.usb_timer_irq) refers to gd32f4xx_timer.o(i.timer_interrupt_flag_clear) for timer_interrupt_flag_clear
    usb_delay.o(i.usb_timer_irq) refers to gd32f4xx_timer.o(i.timer_disable) for timer_disable
    usb_delay.o(i.usb_timer_irq) refers to usb_delay.o(.data) for delay_time
    usb_delay.o(i.usb_udelay) refers to usb_delay.o(i.hwp_delay) for hwp_delay
    gd25qxx.o(i.qspi_flash_buffer_read) refers to gd32f4xx_gpio.o(i.gpio_bit_reset) for gpio_bit_reset
    gd25qxx.o(i.qspi_flash_buffer_read) refers to gd25qxx.o(i.spi_flash_send_byte) for spi_flash_send_byte
    gd25qxx.o(i.qspi_flash_buffer_read) refers to gd32f4xx_spi.o(i.qspi_enable) for qspi_enable
    gd25qxx.o(i.qspi_flash_buffer_read) refers to gd32f4xx_spi.o(i.qspi_read_enable) for qspi_read_enable
    gd25qxx.o(i.qspi_flash_buffer_read) refers to gd32f4xx_gpio.o(i.gpio_bit_set) for gpio_bit_set
    gd25qxx.o(i.qspi_flash_buffer_read) refers to gd32f4xx_spi.o(i.qspi_disable) for qspi_disable
    gd25qxx.o(i.qspi_flash_buffer_read) refers to gd25qxx.o(i.spi_flash_wait_for_write_end) for spi_flash_wait_for_write_end
    gd25qxx.o(i.qspi_flash_buffer_write) refers to gd25qxx.o(i.qspi_flash_page_write) for qspi_flash_page_write
    gd25qxx.o(i.qspi_flash_page_write) refers to gd25qxx.o(i.qspi_flash_quad_enable) for qspi_flash_quad_enable
    gd25qxx.o(i.qspi_flash_page_write) refers to gd25qxx.o(i.spi_flash_write_enable) for spi_flash_write_enable
    gd25qxx.o(i.qspi_flash_page_write) refers to gd32f4xx_gpio.o(i.gpio_bit_reset) for gpio_bit_reset
    gd25qxx.o(i.qspi_flash_page_write) refers to gd25qxx.o(i.spi_flash_send_byte) for spi_flash_send_byte
    gd25qxx.o(i.qspi_flash_page_write) refers to gd32f4xx_spi.o(i.qspi_enable) for qspi_enable
    gd25qxx.o(i.qspi_flash_page_write) refers to gd32f4xx_spi.o(i.qspi_write_enable) for qspi_write_enable
    gd25qxx.o(i.qspi_flash_page_write) refers to gd32f4xx_gpio.o(i.gpio_bit_set) for gpio_bit_set
[...]
    ..\\src\\GD32F4XX\\usbd_stroage_access.c 0x00000000   Number         0  usbd_stroage_access.o ABSOLUTE
    ..\src\GD32F4XX\gd25qxx.c                0x00000000   Number         0  gd25qxx.o ABSOLUTE
    ..\src\GD32F4XX\gd32f4xx_it.c            0x00000000   Number         0  gd32f4xx_it.o ABSOLUTE
    ..\src\GD32F4XX\iap.c                    0x00000000   Number         0  iap.o ABSOLUTE
    ..\src\GD32F4XX\main.c                   0x00000000   Number         0  main.o ABSOLUTE
    ..\src\GD32F4XX\usb_delay.c              0x00000000   Number         0  usb_delay.o ABSOLUTE
    ..\src\GD32F4XX\usbd_bbb_scsi.c          0x00000000   Number         0  usbd_bbb_scsi.o ABSOLUTE
    ..\src\GD32F4XX\usbd_msc_core.c          0x00000000   Number         0  usbd_msc_core.o ABSOLUTE
    ..\src\GD32F4XX\usbd_stroage_access.c    0x00000000   Number         0  usbd_stroage_access.o ABSOLUTE
    dc.s                                     0x00000000   Number         0  dc.o ABSOLUTE
    handlers.s                               0x00000000   Number         0  handlers.o ABSOLUTE
    init.s                                   0x00000000   Number         0  init.o ABSOLUTE
    RESET                                    0x08000000   Section      424  startup_gd32f450.o(RESET)
    .ARM.Collect$$$$00000000                 0x080001a8   Section        0  entry.o(.ARM.Collect$$$$00000000)
    .ARM.Collect$$$$00000001                 0x080001a8   Section        4  entry2.o(.ARM.Collect$$$$00000001)
    .ARM.Collect$$$$00000004                 0x080001ac   Section        4  entry5.o(.ARM.Collect$$$$00000004)
    .ARM.Collect$$$$00000008                 0x080001b0   Section        0  entry7b.o(.ARM.Collect$$$$00000008)
    .ARM.Collect$$$$0000000A                 0x080001b0   Section        0  entry8b.o(.ARM.Collect$$$$0000000A)
    .ARM.Collect$$$$0000000B                 0x080001b0   Section        8  entry9a.o(.ARM.Collect$$$$0000000B)
    .ARM.Collect$$$$0000000D                 0x080001b8   Section        0  entry10a.o(.ARM.Collect$$$$0000000D)
    .ARM.Collect$$$$0000000F                 0x080001b8   Section        0  entry11a.o(.ARM.Collect$$$$0000000F)
    .ARM.Collect$$$$00002712                 0x080001b8   Section        4  entry2.o(.ARM.Collect$$$$00002712)
    __lit__00000000                          0x080001b8   Data           4  entry2.o(.ARM.Collect$$$$00002712)
    .text                                    0x080001bc   Section       36  startup_gd32f450.o(.text)
    $v0                                      0x080001bc   Number         0  startup_gd32f450.o(.text)
    .text                                    0x080001e0   Section       36  init.o(.text)
    .text                                    0x08000204   Section        0  __dczerorl2.o(.text)
    i.BusFault_Handler                       0x0800025a   Section        0  gd32f4xx_it.o(i.BusFault_Handler)
    i.DebugMon_Handler                       0x0800025e   Section        0  gd32f4xx_it.o(i.DebugMon_Handler)
    i.HardFault_Handler                      0x08000260   Section        0  gd32f4xx_it.o(i.HardFault_Handler)
    i.MemManage_Handler                      0x08000264   Section        0  gd32f4xx_it.o(i.MemManage_Handler)
    i.NMI_Handler                            0x08000268   Section        0  gd32f4xx_it.o(i.NMI_Handler)
    i.PendSV_Handler                         0x0800026a   Section        0  gd32f4xx_it.o(i.PendSV_Handler)
    i.STORAGE_init                           0x0800026c   Section        0  usbd_stroage_access.o(i.STORAGE_init)
    i.STORAGE_read                           0x080002c8   Section        0  usbd_stroage_access.o(i.STORAGE_read)
    i.STORAGE_write                          0x080002e8   Section        0  usbd_stroage_access.o(i.STORAGE_write)
    i.SVC_Handler                            0x0800030e   Section        0  gd32f4xx_it.o(i.SVC_Handler)
    i.SysTick_Handler                        0x08000310   Section        0  gd32f4xx_it.o(i.SysTick_Handler)
    i.SystemInit                             0x08000314   Section        0  system_gd32f4xx.o(i.SystemInit)
    i.TIMER2_IRQHandler                      0x0800038c   Section        0  gd32f4xx_it.o(i.TIMER2_IRQHandler)
    i.USBFS_IRQHandler                       0x08000394   Section        0  gd32f4xx_it.o(i.USBFS_IRQHandler)
    i.USBFS_WKUP_IRQHandler                  0x080003a4   Section        0  gd32f4xx_it.o(i.USBFS_WKUP_IRQHandler)
    i.UsageFault_Handler                     0x080003dc   Section        0  gd32f4xx_it.o(i.UsageFault_Handler)
    i.__scatterload_copy                     0x080003e0   Section       14  handlers.o(i.__scatterload_copy)
    i.__scatterload_null                     0x080003ee   Section        2  handlers.o(i.__scatterload_null)
    i.__scatterload_zeroinit                 0x080003f0   Section       14  handlers.o(i.__scatterload_zeroinit)
    i.bbb_report_array_to_host               0x08000400   Section        0  usbd_bbb_scsi.o(i.bbb_report_array_to_host)
    i.bbb_set_csw                            0x080004bc   Section        0  usbd_bbb_scsi.o(i.bbb_set_csw)
    i.check_fs                               0x080004d8   Section        0  ff.o(i.check_fs)
    check_fs                                 0x080004d9   Thumb Code   112  ff.o(i.check_fs)
    i.chk_chr                                0x08000554   Section        0  ff.o(i.chk_chr)
    chk_chr                                  0x08000555   Thumb Code    20  ff.o(i.chk_chr)
    i.clst2sect                              0x08000568   Section        0  ff.o(i.clst2sect)
    clst2sect                                0x08000569   Thumb Code    26  ff.o(i.clst2sect)
    i.create_chain                           0x08000582   Section        0  ff.o(i.create_chain)
    create_chain                             0x08000583   Thumb Code   288  ff.o(i.create_chain)
    i.create_name                            0x080006a4   Section        0  ff.o(i.create_name)
    create_name                              0x080006a5   Thumb Code   244  ff.o(i.create_name)
    i.dbc_1st                                0x080007a8   Section        0  ff.o(i.dbc_1st)
    dbc_1st                                  0x080007a9   Thumb Code    46  ff.o(i.dbc_1st)
    i.dbc_2nd                                0x080007dc   Section        0  ff.o(i.dbc_2nd)
    dbc_2nd                                  0x080007dd   Thumb Code    66  ff.o(i.dbc_2nd)
    i.dir_alloc                              0x08000824   Section        0  ff.o(i.dir_alloc)
    dir_alloc                                0x08000825   Thumb Code    96  ff.o(i.dir_alloc)
    i.dir_clear                              0x08000884   Section        0  ff.o(i.dir_clear)
    dir_clear                                0x08000885   Thumb Code    96  ff.o(i.dir_clear)
    i.dir_find                               0x080008e4   Section        0  ff.o(i.dir_find)
    dir_find                                 0x080008e5   Thumb Code   108  ff.o(i.dir_find)
    i.dir_next                               0x08000950   Section        0  ff.o(i.dir_next)
    dir_next                                 0x08000951   Thumb Code   218  ff.o(i.dir_next)
    i.dir_read                               0x08000a2a   Section        0  ff.o(i.dir_read)
    dir_read                                 0x08000a2b   Thumb Code   116  ff.o(i.dir_read)
    i.dir_register                           0x08000a9e   Section        0  ff.o(i.dir_register)
    dir_register                             0x08000a9f   Thumb Code    60  ff.o(i.dir_register)
    i.dir_remove                             0x08000ada   Section        0  ff.o(i.dir_remove)
    dir_remove                               0x08000adb   Thumb Code    32  ff.o(i.dir_remove)
    i.dir_sdi                                0x08000afa   Section        0  ff.o(i.dir_sdi)
    dir_sdi                                  0x08000afb   Thumb Code   166  ff.o(i.dir_sdi)
    i.disk_initialize                        0x08000ba0   Section        0  diskio.o(i.disk_initialize)
    i.disk_ioctl                             0x08000bd0   Section        0  diskio.o(i.disk_ioctl)
    i.disk_read                              0x08000c22   Section        0  diskio.o(i.disk_read)
    i.disk_status                            0x08000c6c   Section        0  diskio.o(i.disk_status)
    i.disk_write                             0x08000cac   Section        0  diskio.o(i.disk_write)
    i.exti_init                              0x08000cfc   Section        0  gd32f4xx_exti.o(i.exti_init)
    i.exti_interrupt_flag_clear              0x08000db4   Section        0  gd32f4xx_exti.o(i.exti_interrupt_flag_clear)
    i.f_mkfs                                 0x08000dc0   Section        0  ff.o(i.f_mkfs)
    i.f_mount                                0x080014a4   Section        0  ff.o(i.f_mount)
    i.f_open                                 0x080014f8   Section        0  ff.o(i.f_open)
    i.f_read                                 0x080016ee   Section        0  ff.o(i.f_read)
    i.f_unlink                               0x080018bc   Section        0  ff.o(i.f_unlink)
    i.find_volume                            0x08001968   Section        0  ff.o(i.find_volume)
    find_volume                              0x08001969   Thumb Code   836  ff.o(i.find_volume)
    i.fmc_erase_sector                       0x08001cc0   Section        0  iap.o(i.fmc_erase_sector)
    i.fmc_flag_clear                         0x08001ce0   Section        0  gd32f4xx_fmc.o(i.fmc_flag_clear)
    i.fmc_lock                               0x08001cec   Section        0  gd32f4xx_fmc.o(i.fmc_lock)
    i.fmc_ready_wait                         0x08001d00   Section        0  gd32f4xx_fmc.o(i.fmc_ready_wait)
    i.fmc_sector_erase                       0x08001d14   Section        0  gd32f4xx_fmc.o(i.fmc_sector_erase)
    i.fmc_sector_get                         0x08001d6c   Section        0  iap.o(i.fmc_sector_get)
    i.fmc_state_get                          0x08001e50   Section        0  gd32f4xx_fmc.o(i.fmc_state_get)
    i.fmc_unlock                             0x08001ea4   Section        0  gd32f4xx_fmc.o(i.fmc_unlock)
    i.fmc_word_program                       0x08001ec8   Section        0  gd32f4xx_fmc.o(i.fmc_word_program)
    i.fmc_write_32bit_data                   0x08001f14   Section        0  iap.o(i.fmc_write_32bit_data)
    i.follow_path                            0x08001f50   Section        0  ff.o(i.follow_path)
    follow_path                              0x08001f51   Thumb Code   168  ff.o(i.follow_path)
    i.gd_eval_key_init                       0x08001ff8   Section        0  gd32f450i_eval.o(i.gd_eval_key_init)
    i.gd_eval_key_state_get                  0x08002078   Section        0  gd32f450i_eval.o(i.gd_eval_key_state_get)
    i.gd_eval_led_init                       0x08002098   Section        0  gd32f450i_eval.o(i.gd_eval_led_init)
    i.gd_eval_led_toggle                     0x080020ec   Section        0  gd32f450i_eval.o(i.gd_eval_led_toggle)
    i.get_fat                                0x08002104   Section        0  ff.o(i.get_fat)
    get_fat                                  0x08002105   Thumb Code   306  ff.o(i.get_fat)
    i.get_fattime                            0x08002238   Section        0  diskio.o(i.get_fattime)
    i.get_ldnumber                           0x08002240   Section        0  ff.o(i.get_ldnumber)
    get_ldnumber                             0x08002241   Thumb Code    78  ff.o(i.get_ldnumber)
    i.gpio_af_set                            0x0800228e   Section        0  gd32f4xx_gpio.o(i.gpio_af_set)
    i.gpio_bit_reset                         0x080022ec   Section        0  gd32f4xx_gpio.o(i.gpio_bit_reset)
    i.gpio_bit_set                           0x080022f0   Section        0  gd32f4xx_gpio.o(i.gpio_bit_set)
    i.gpio_input_bit_get                     0x080022f4   Section        0  gd32f4xx_gpio.o(i.gpio_input_bit_get)
    i.gpio_mode_set                          0x08002304   Section        0  gd32f4xx_gpio.o(i.gpio_mode_set)
    i.gpio_output_options_set                0x08002352   Section        0  gd32f4xx_gpio.o(i.gpio_output_options_set)
    i.hwp_delay                              0x08002394   Section        0  usb_delay.o(i.hwp_delay)
    hwp_delay                                0x08002395   Thumb Code    34  usb_delay.o(i.hwp_delay)
    i.hwp_time_set                           0x080023c0   Section        0  usb_delay.o(i.hwp_time_set)
    hwp_time_set                             0x080023c1   Thumb Code    96  usb_delay.o(i.hwp_time_set)
    i.ld_clust                               0x08002428   Section        0  ff.o(i.ld_clust)
    ld_clust                                 0x08002429   Thumb Code    38  ff.o(i.ld_clust)
    i.ld_dword                               0x0800244e   Section        0  ff.o(i.ld_dword)
    ld_dword                                 0x0800244f   Thumb Code    24  ff.o(i.ld_dword)
    i.ld_word                                0x08002466   Section        0  ff.o(i.ld_word)
    ld_word                                  0x08002467   Thumb Code    12  ff.o(i.ld_word)
    i.main                                   0x08002474   Section        0  main.o(i.main)
    i.mem_cmp                                0x080024fc   Section        0  ff.o(i.mem_cmp)
    mem_cmp                                  0x080024fd   Thumb Code    36  ff.o(i.mem_cmp)
    i.mem_cpy                                0x08002520   Section        0  ff.o(i.mem_cpy)
    mem_cpy                                  0x08002521   Thumb Code    26  ff.o(i.mem_cpy)
    i.mem_set                                0x0800253a   Section        0  ff.o(i.mem_set)
    mem_set                                  0x0800253b   Thumb Code    18  ff.o(i.mem_set)
    i.move_window                            0x0800254c   Section        0  ff.o(i.move_window)
    move_window                              0x0800254d   Thumb Code    52  ff.o(i.move_window)
    i.msc_data_handler                       0x08002580   Section        0  usbd_msc_core.o(i.msc_data_handler)
    i.msc_deinit                             0x080025d4   Section        0  usbd_msc_core.o(i.msc_deinit)
    i.msc_init                               0x08002608   Section        0  usbd_msc_core.o(i.msc_init)
    i.msc_req_handler                        0x08002648   Section        0  usbd_msc_core.o(i.msc_req_handler)
    i.nvic_irq_enable                        0x080026ec   Section        0  gd32f4xx_misc.o(i.nvic_irq_enable)
    i.nvic_priority_group_set                0x080027b0   Section        0  gd32f4xx_misc.o(i.nvic_priority_group_set)
    i.nvic_vector_table_set                  0x080027c4   Section        0  gd32f4xx_misc.o(i.nvic_vector_table_set)
    i.pmu_to_deepsleepmode                   0x080027d8   Section        0  gd32f4xx_pmu.o(i.pmu_to_deepsleepmode)
    i.process_scsi_command                   0x0800281c   Section        0  usbd_bbb_scsi.o(i.process_scsi_command)
    i.put_fat                                0x08002cc8   Section        0  ff.o(i.put_fat)
    put_fat                                  0x08002cc9   Thumb Code   400  ff.o(i.put_fat)
    i.qspi_io23_output_enable                0x08002e58   Section        0  gd32f4xx_spi.o(i.qspi_io23_output_enable)
    i.rcu_ck48m_clock_config                 0x08002e68   Section        0  gd32f4xx_rcu.o(i.rcu_ck48m_clock_config)
    i.rcu_osci_off                           0x08002e80   Section        0  gd32f4xx_rcu.o(i.rcu_osci_off)
    i.rcu_periph_clock_enable                0x08002ea4   Section        0  gd32f4xx_rcu.o(i.rcu_periph_clock_enable)
    i.rcu_pll48m_clock_config                0x08002ec8   Section        0  gd32f4xx_rcu.o(i.rcu_pll48m_clock_config)
    i.remove_chain                           0x08002ee0   Section        0  ff.o(i.remove_chain)
    remove_chain                             0x08002ee1   Thumb Code   154  ff.o(i.remove_chain)
    i.scsi_command_parse                     0x08002f7c   Section        0  usbd_bbb_scsi.o(i.scsi_command_parse)
    i.spi_crc_polynomial_set                 0x08002f9c   Section        0  gd32f4xx_spi.o(i.spi_crc_polynomial_set)
    i.spi_enable                             0x08002fa8   Section        0  gd32f4xx_spi.o(i.spi_enable)
    i.spi_flash_buffer_read                  0x08002fb4   Section        0  gd25qxx.o(i.spi_flash_buffer_read)
    i.spi_flash_buffer_write                 0x08003008   Section        0  gd25qxx.o(i.spi_flash_buffer_write)
    i.spi_flash_init                         0x0800312c   Section        0  gd25qxx.o(i.spi_flash_init)
    i.spi_flash_page_write                   0x080031e0   Section        0  gd25qxx.o(i.spi_flash_page_write)
    i.spi_flash_read_id                      0x0800323c   Section        0  gd25qxx.o(i.spi_flash_read_id)
    i.spi_flash_sector_erase                 0x08003290   Section        0  gd25qxx.o(i.spi_flash_sector_erase)
    i.spi_flash_send_byte                    0x080032d4   Section        0  gd25qxx.o(i.spi_flash_send_byte)
    i.spi_flash_wait_for_write_end           0x0800330c   Section        0  gd25qxx.o(i.spi_flash_wait_for_write_end)
    i.spi_flash_write_enable                 0x08003344   Section        0  gd25qxx.o(i.spi_flash_write_enable)
    i.spi_i2s_data_receive                   0x08003368   Section        0  gd32f4xx_spi.o(i.spi_i2s_data_receive)
    i.spi_i2s_data_transmit                  0x08003370   Section        0  gd32f4xx_spi.o(i.spi_i2s_data_transmit)
    i.spi_i2s_flag_get                       0x08003374   Section        0  gd32f4xx_spi.o(i.spi_i2s_flag_get)
    i.spi_init                               0x08003384   Section        0  gd32f4xx_spi.o(i.spi_init)
    i.st_clust                               0x080033b6   Section        0  ff.o(i.st_clust)
    st_clust                                 0x080033b7   Thumb Code    36  ff.o(i.st_clust)
    i.st_dword                               0x080033da   Section        0  ff.o(i.st_dword)
    st_dword                                 0x080033db   Thumb Code    24  ff.o(i.st_dword)
    i.st_word                                0x080033f2   Section        0  ff.o(i.st_word)
    st_word                                  0x080033f3   Thumb Code    12  ff.o(i.st_word)
    i.sync_fs                                0x08003400   Section        0  ff.o(i.sync_fs)
    sync_fs                                  0x08003401   Thumb Code   134  ff.o(i.sync_fs)
    i.sync_window                            0x08003490   Section        0  ff.o(i.sync_window)
    sync_window                              0x08003491   Thumb Code    74  ff.o(i.sync_window)
    i.syscfg_exti_line_config                0x080034dc   Section        0  gd32f4xx_syscfg.o(i.syscfg_exti_line_config)
    i.system_clock_168m_25m_hxtal            0x08003588   Section        0  system_gd32f4xx.o(i.system_clock_168m_25m_hxtal)
    system_clock_168m_25m_hxtal              0x08003589   Thumb Code   238  system_gd32f4xx.o(i.system_clock_168m_25m_hxtal)
    i.system_clock_config                    0x08003684   Section        0  main.o(i.system_clock_config)
    i.system_clock_config                    0x08003704   Section        0  system_gd32f4xx.o(i.system_clock_config)
    system_clock_config                      0x08003705   Thumb Code     8  system_gd32f4xx.o(i.system_clock_config)
    i.timer_auto_reload_shadow_enable        0x0800370c   Section        0  gd32f4xx_timer.o(i.timer_auto_reload_shadow_enable)
    i.timer_disable                          0x08003716   Section        0  gd32f4xx_timer.o(i.timer_disable)
    i.timer_enable                           0x08003720   Section        0  gd32f4xx_timer.o(i.timer_enable)
    i.timer_init                             0x0800372c   Section        0  gd32f4xx_timer.o(i.timer_init)
    i.timer_interrupt_disable                0x080037c4   Section        0  gd32f4xx_timer.o(i.timer_interrupt_disable)
    i.timer_interrupt_enable                 0x080037cc   Section        0  gd32f4xx_timer.o(i.timer_interrupt_enable)
    i.timer_interrupt_flag_clear             0x080037d4   Section        0  gd32f4xx_timer.o(i.timer_interrupt_flag_clear)
    i.timer_interrupt_flag_get               0x080037dc   Section        0  gd32f4xx_timer.o(i.timer_interrupt_flag_get)
    i.update_application                     0x080037f4   Section        0  iap.o(i.update_application)
    i.usb_clock_config                       0x08003910   Section        0  main.o(i.usb_clock_config)
    i.usb_clock_ungate                       0x08003928   Section        0  usb_core.o(i.usb_clock_ungate)
    i.usb_commonint_enable                   0x08003960   Section        0  usb_core.o(i.usb_commonint_enable)
    usb_commonint_enable                     0x08003961   Thumb Code    16  usb_core.o(i.usb_commonint_enable)
    i.usb_core_init                          0x08003974   Section        0  usb_core.o(i.usb_core_init)
    i.usb_core_reset                         0x08003a38   Section        0  usb_core.o(i.usb_core_reset)
    usb_core_reset                           0x08003a39   Thumb Code    70  usb_core.o(i.usb_core_reset)
    i.usb_core_select                        0x08003a84   Section        0  usb_core.o(i.usb_core_select)
    i.usb_devcore_init                       0x08003ac8   Section        0  usb_core.o(i.usb_devcore_init)
    i.usb_devint_enable                      0x08003c98   Section        0  usb_core.o(i.usb_devint_enable)
    usb_devint_enable                        0x08003c99   Thumb Code    62  usb_core.o(i.usb_devint_enable)
    i.usb_ep0_startout                       0x08003cdc   Section        0  usb_core.o(i.usb_ep0_startout)
    i.usb_fifo_read                          0x08003d38   Section        0  usb_core.o(i.usb_fifo_read)
    i.usb_fifo_write                         0x08003d58   Section        0  usb_core.o(i.usb_fifo_write)
    i.usb_gpio_config                        0x08003d84   Section        0  main.o(i.usb_gpio_config)
    i.usb_interrupt_config                   0x08003dc4   Section        0  main.o(i.usb_interrupt_config)
    i.usb_mdelay                             0x08003dda   Section        0  usb_delay.o(i.usb_mdelay)
    i.usb_mode_set                           0x08003de8   Section        0  usb_core.o(i.usb_mode_set)
    i.usb_rxfifo_flush                       0x08003e3c   Section        0  usb_core.o(i.usb_rxfifo_flush)
    i.usb_timer_init                         0x08003e80   Section        0  usb_delay.o(i.usb_timer_init)
    i.usb_timer_irq                          0x08003ea8   Section        0  usb_delay.o(i.usb_timer_irq)
    i.usb_txfifo_flush                       0x08003ee0   Section        0  usb_core.o(i.usb_txfifo_flush)
    i.usb_udelay                             0x08003f28   Section        0  usb_delay.o(i.usb_udelay)
    i.usbd_clrfeature                        0x08003f36   Section        0  usbd_std.o(i.usbd_clrfeature)
    usbd_clrfeature                          0x08003f37   Thumb Code   212  usbd_std.o(i.usbd_clrfeature)
    i.usbd_configuration_descriptor_get      0x0800400a   Section        0  usbd_std.o(i.usbd_configuration_descriptor_get)
    usbd_configuration_descriptor_get        0x0800400b   Thumb Code    16  usbd_std.o(i.usbd_configuration_descriptor_get)
    i.usbd_ctlstatus_rx                      0x0800401a   Section        0  usbd_core.o(i.usbd_ctlstatus_rx)
    i.usbd_ctlstatus_tx                      0x08004038   Section        0  usbd_core.o(i.usbd_ctlstatus_tx)
    i.usbd_ctltx                             0x08004056   Section        0  usbd_core.o(i.usbd_ctltx)
    i.usbd_device_class_request              0x0800407c   Section        0  usbd_std.o(i.usbd_device_class_request)
    usbd_device_class_request                0x0800407d   Thumb Code    72  usbd_std.o(i.usbd_device_class_request)
    i.usbd_device_descriptor_get             0x080040c4   Section        0  usbd_std.o(i.usbd_device_descriptor_get)
    usbd_device_descriptor_get               0x080040c5   Thumb Code    16  usbd_std.o(i.usbd_device_descriptor_get)
    i.usbd_emptytxfifo_write                 0x080040d4   Section        0  usbd_int.o(i.usbd_emptytxfifo_write)
    usbd_emptytxfifo_write                   0x080040d5   Thumb Code   142  usbd_int.o(i.usbd_emptytxfifo_write)
    i.usbd_enum_error                        0x08004168   Section        0  usbd_std.o(i.usbd_enum_error)
    i.usbd_ep_clear_stall                    0x08004186   Section        0  usbd_core.o(i.usbd_ep_clear_stall)
    i.usbd_ep_deinit                         0x08004224   Section        0  usbd_core.o(i.usbd_ep_deinit)
    i.usbd_ep_init                           0x0800428c   Section        0  usbd_core.o(i.usbd_ep_init)
    i.usbd_ep_rx                             0x08004388   Section        0  usbd_core.o(i.usbd_ep_rx)
    i.usbd_ep_stall                          0x080044a0   Section        0  usbd_core.o(i.usbd_ep_stall)
    i.usbd_ep_tx                             0x08004504   Section        0  usbd_core.o(i.usbd_ep_tx)
    i.usbd_getconfig                         0x08004648   Section        0  usbd_std.o(i.usbd_getconfig)
    usbd_getconfig                           0x08004649   Thumb Code    78  usbd_std.o(i.usbd_getconfig)
    i.usbd_getdescriptor                     0x08004698   Section        0  usbd_std.o(i.usbd_getdescriptor)
    usbd_getdescriptor                       0x08004699   Thumb Code   142  usbd_std.o(i.usbd_getdescriptor)
    i.usbd_getinterface                      0x0800472c   Section        0  usbd_std.o(i.usbd_getinterface)
    usbd_getinterface                        0x0800472d   Thumb Code    18  usbd_std.o(i.usbd_getinterface)
    i.usbd_getstatus                         0x0800473e   Section        0  usbd_std.o(i.usbd_getstatus)
    usbd_getstatus                           0x0800473f   Thumb Code     2  usbd_std.o(i.usbd_getstatus)
    i.usbd_in_transaction                    0x08004740   Section        0  usbd_std.o(i.usbd_in_transaction)
    i.usbd_init                              0x080047f8   Section        0  usbd_core.o(i.usbd_init)
    i.usbd_intf_earlysuspend                 0x08004878   Section        0  usbd_int.o(i.usbd_intf_earlysuspend)
    usbd_intf_earlysuspend                   0x08004879   Thumb Code    28  usbd_int.o(i.usbd_intf_earlysuspend)
    i.usbd_intf_enumfinish                   0x08004894   Section        0  usbd_int.o(i.usbd_intf_enumfinish)
    usbd_intf_enumfinish                     0x08004895   Thumb Code   148  usbd_int.o(i.usbd_intf_enumfinish)
    i.usbd_intf_inep                         0x08004934   Section        0  usbd_int.o(i.usbd_intf_inep)
    usbd_intf_inep                           0x08004935   Thumb Code   264  usbd_int.o(i.usbd_intf_inep)
    i.usbd_intf_isoinincomplete              0x08004a40   Section        0  usbd_int.o(i.usbd_intf_isoinincomplete)
    usbd_intf_isoinincomplete                0x08004a41   Thumb Code    16  usbd_int.o(i.usbd_intf_isoinincomplete)
    i.usbd_intf_isooutincomplete             0x08004a50   Section        0  usbd_int.o(i.usbd_intf_isooutincomplete)
    usbd_intf_isooutincomplete               0x08004a51   Thumb Code    16  usbd_int.o(i.usbd_intf_isooutincomplete)
    i.usbd_intf_outep                        0x08004a60   Section        0  usbd_int.o(i.usbd_intf_outep)
    usbd_intf_outep                          0x08004a61   Thumb Code   262  usbd_int.o(i.usbd_intf_outep)
    i.usbd_intf_reset                        0x08004b6c   Section        0  usbd_int.o(i.usbd_intf_reset)
    usbd_intf_reset                          0x08004b6d   Thumb Code   316  usbd_int.o(i.usbd_intf_reset)
    i.usbd_intf_resume                       0x08004cb0   Section        0  usbd_int.o(i.usbd_intf_resume)
    usbd_intf_resume                         0x08004cb1   Thumb Code    22  usbd_int.o(i.usbd_intf_resume)
    i.usbd_intf_rxfifo                       0x08004cc8   Section        0  usbd_int.o(i.usbd_intf_rxfifo)
    usbd_intf_rxfifo                         0x08004cc9   Thumb Code   236  usbd_int.o(i.usbd_intf_rxfifo)
    i.usbd_intf_sof                          0x08004db8   Section        0  usbd_int.o(i.usbd_intf_sof)
    usbd_intf_sof                            0x08004db9   Thumb Code    32  usbd_int.o(i.usbd_intf_sof)
    i.usbd_intf_suspend                      0x08004ddc   Section        0  usbd_int.o(i.usbd_intf_suspend)
    usbd_intf_suspend                        0x08004ddd   Thumb Code    92  usbd_int.o(i.usbd_intf_suspend)
    i.usbd_isr                               0x08004e40   Section        0  usbd_int.o(i.usbd_isr)
    i.usbd_out_transaction                   0x08004f14   Section        0  usbd_std.o(i.usbd_out_transaction)
    i.usbd_reserved                          0x08004f92   Section        0  usbd_std.o(i.usbd_reserved)
    usbd_reserved                            0x08004f93   Thumb Code     2  usbd_std.o(i.usbd_reserved)
    i.usbd_setaddress                        0x08004f94   Section        0  usbd_std.o(i.usbd_setaddress)
    usbd_setaddress                          0x08004f95   Thumb Code    78  usbd_std.o(i.usbd_setaddress)
    i.usbd_setconfig                         0x08004fe8   Section        0  usbd_std.o(i.usbd_setconfig)
    usbd_setconfig                           0x08004fe9   Thumb Code   168  usbd_std.o(i.usbd_setconfig)
    i.usbd_setdescriptor                     0x08005094   Section        0  usbd_std.o(i.usbd_setdescriptor)
    usbd_setdescriptor                       0x08005095   Thumb Code     2  usbd_std.o(i.usbd_setdescriptor)
    i.usbd_setfeature                        0x08005098   Section        0  usbd_std.o(i.usbd_setfeature)
    usbd_setfeature                          0x08005099   Thumb Code   226  usbd_std.o(i.usbd_setfeature)
    i.usbd_setinterface                      0x08005180   Section        0  usbd_std.o(i.usbd_setinterface)
    usbd_setinterface                        0x08005181   Thumb Code    18  usbd_std.o(i.usbd_setinterface)
    i.usbd_setup_request_parse               0x08005192   Section        0  usbd_std.o(i.usbd_setup_request_parse)
    usbd_setup_request_parse                 0x08005193   Thumb Code    52  usbd_std.o(i.usbd_setup_request_parse)
    i.usbd_setup_transaction                 0x080051c6   Section        0  usbd_std.o(i.usbd_setup_transaction)
    i.usbd_standard_request                  0x0800521c   Section        0  usbd_std.o(i.usbd_standard_request)
    usbd_standard_request                    0x0800521d   Thumb Code    24  usbd_std.o(i.usbd_standard_request)
    i.usbd_string_descriptor_get             0x08005238   Section        0  usbd_std.o(i.usbd_string_descriptor_get)
    usbd_string_descriptor_get               0x08005239   Thumb Code    18  usbd_std.o(i.usbd_string_descriptor_get)
    i.usbd_synchframe                        0x0800524a   Section        0  usbd_std.o(i.usbd_synchframe)
    usbd_synchframe                          0x0800524b   Thumb Code     2  usbd_std.o(i.usbd_synchframe)
    i.usbd_vendor_request                    0x0800524c   Section        0  usbd_std.o(i.usbd_vendor_request)
    usbd_vendor_request                      0x0800524d   Thumb Code     6  usbd_std.o(i.usbd_vendor_request)
    i.validate                               0x08005252   Section        0  ff.o(i.validate)
    validate                                 0x08005253   Thumb Code    60  ff.o(i.validate)
    .constdata                               0x0800528e   Section       54  usbd_msc_core.o(.constdata)
    .constdata                               0x080052c4   Section        4  usbd_int.o(.constdata)
    EP0_MAXLEN                               0x080052c4   Data           4  usbd_int.o(.constdata)
    .constdata                               0x080052c8   Section       38  ff.o(.constdata)
    DbcTbl                                   0x080052c8   Data          10  ff.o(.constdata)
    cst                                      0x080052d2   Data          14  ff.o(.constdata)
    cst32                                    0x080052e0   Data          14  ff.o(.constdata)
    .data                                    0x20000000   Section        8  usb_delay.o(.data)
    .data                                    0x20000008   Section        1  iap.o(.data)
    .data                                    0x2000000c   Section      296  main.o(.data)
    .data                                    0x20000134   Section      104  usbd_bbb_scsi.o(.data)
    len                                      0x20000198   Data           4  usbd_bbb_scsi.o(.data)
    .data                                    0x2000019c   Section      148  usbd_msc_core.o(.data)
    <Data1>                                  0x2000019c   Data          24  usbd_msc_core.o(.data)
    <Data2>                                  0x200001b4   Data          50  usbd_msc_core.o(.data)
    <Data3>                                  0x200001e6   Data          50  usbd_msc_core.o(.data)
    usbd_msc_maxlun                          0x20000218   Data           1  usbd_msc_core.o(.data)
    usbd_msc_altset                          0x20000219   Data           1  usbd_msc_core.o(.data)
    .data                                    0x20000230   Section       97  gd32f450i_eval.o(.data)
    GPIO_PORT                                0x20000230   Data          12  gd32f450i_eval.o(.data)
    GPIO_PIN                                 0x2000023c   Data          12  gd32f450i_eval.o(.data)
    COM_CLK                                  0x20000248   Data           2  gd32f450i_eval.o(.data)
    COM_TX_PIN                               0x2000024c   Data           4  gd32f450i_eval.o(.data)
    COM_RX_PIN                               0x20000250   Data           4  gd32f450i_eval.o(.data)
    GPIO_CLK                                 0x20000254   Data           6  gd32f450i_eval.o(.data)
    KEY_PORT                                 0x2000025c   Data          12  gd32f450i_eval.o(.data)
    KEY_PIN                                  0x20000268   Data          12  gd32f450i_eval.o(.data)
    KEY_CLK                                  0x20000274   Data           6  gd32f450i_eval.o(.data)
    KEY_EXTI_LINE                            0x2000027c   Data          12  gd32f450i_eval.o(.data)
    KEY_PORT_SOURCE                          0x20000288   Data           3  gd32f450i_eval.o(.data)
    KEY_PIN_SOURCE                           0x2000028b   Data           3  gd32f450i_eval.o(.data)
    KEY_IRQn                                 0x2000028e   Data           3  gd32f450i_eval.o(.data)
    .data                                    0x20000292   Section        8  usb_core.o(.data)
    USBFS_TX_FIFO_SIZE                       0x20000292   Data           8  usb_core.o(.data)
    .data                                    0x2000029a   Section        4  usbd_int.o(.data)
    USB_SPEED                                0x2000029a   Data           4  usbd_int.o(.data)
    .data                                    0x200002a0   Section       65  usbd_std.o(.data)
    StandardDeviceRequest                    0x200002a0   Data          52  usbd_std.o(.data)
    standard_descriptor_get                  0x200002d4   Data          12  usbd_std.o(.data)
    cfgidx                                   0x200002e0   Data           1  usbd_std.o(.data)
    .data                                    0x200002e2   Section        2  ff.o(.data)
    Fsid                                     0x200002e2   Data           2  ff.o(.data)
    .bss                                     0x200002e4   Section    12380  iap.o(.bss)
    .bss                                     0x20003340   Section     4160  usbd_bbb_scsi.o(.bss)
    .bss                                     0x20004380   Section       16  ff.o(.bss)
    FatFs                                    0x20004380   Data          16  ff.o(.bss)
    STACK                                    0x20004390   Section     1024  startup_gd32f450.o(STACK)

    Global Symbols

    Symbol Name                              Value     Ov Type        Size  Object(Section)

    BuildAttributes$$THM_ISAv4$E$P$D$K$B$S$7EM$VFPi3$EXTD16$VFPS$VFMA$PE$A:L22UL41UL21$X:L11$S22US41US21$IEEE1$IW$USESV6$~STKCKD$USESV7$~SHL$OSPACE$EBA8$MICROLIB$REQ8$PRES8$EABIv2 0x00000000   Number         0  anon$$obj.o ABSOLUTE
    __ARM_use_no_argv                        0x00000000   Number         0  main.o ABSOLUTE
    __cpp_initialize__aeabi_                  - Undefined Weak Reference
    __cxa_finalize                            - Undefined Weak Reference
    _clock_init                               - Undefined Weak Reference
    _microlib_exit                            - Undefined Weak Reference
    __Vectors_Size                           0x000001a8   Number         0  startup_gd32f450.o ABSOLUTE
    __Vectors                                0x08000000   Data           4  startup_gd32f450.o(RESET)
    __Vectors_End                            0x080001a8   Data           0  startup_gd32f450.o(RESET)
    __main                                   0x080001a9   Thumb Code     0  entry.o(.ARM.Collect$$$$00000000)
    _main_stk                                0x080001a9   Thumb Code     0  entry2.o(.ARM.Collect$$$$00000001)
    _main_scatterload                        0x080001ad   Thumb Code     0  entry5.o(.ARM.Collect$$$$00000004)
    __main_after_scatterload                 0x080001b1   Thumb Code     0  entry5.o(.ARM.Collect$$$$00000004)
    _main_clock                              0x080001b1   Thumb Code     0  entry7b.o(.ARM.Collect$$$$00000008)
    _main_cpp_init                           0x080001b1   Thumb Code     0  entry8b.o(.ARM.Collect$$$$0000000A)
    _main_init                               0x080001b1   Thumb Code     0  entry9a.o(.ARM.Collect$$$$0000000B)
    __rt_final_cpp                           0x080001b9   Thumb Code     0  entry10a.o(.ARM.Collect$$$$0000000D)
    __rt_final_exit                          0x080001b9   Thumb Code     0  entry11a.o(.ARM.Collect$$$$0000000F)
    Reset_Handler                            0x080001bd   Thumb Code     8  startup_gd32f450.o(.text)
    ADC_IRQHandler                           0x080001d7   Thumb Code     0  startup_gd32f450.o(.text)
    CAN0_EWMC_IRQHandler                     0x080001d7   Thumb Code     0  startup_gd32f450.o(.text)
    CAN0_RX0_IRQHandler                      0x080001d7   Thumb Code     0  startup_gd32f450.o(.text)
    CAN0_RX1_IRQHandler                      0x080001d7   Thumb Code     0  startup_gd32f450.o(.text)
    CAN0_TX_IRQHandler                       0x080001d7   Thumb Code     0  startup_gd32f450.o(.text)
    CAN1_EWMC_IRQHandler                     0x080001d7   Thumb Code     0  startup_gd32f450.o(.text)
    CAN1_RX0_IRQHandler                      0x080001d7   Thumb Code     0  startup_gd32f450.o(.text)
    CAN1_RX1_IRQHandler                      0x080001d7   Thumb Code     0  startup_gd32f450.o(.text)
    CAN1_TX_IRQHandler                       0x080001d7   Thumb Code     0  startup_gd32f450.o(.text)
    DCI_IRQHandler                           0x080001d7   Thumb Code     0  startup_gd32f450.o(.text)
    DMA0_Channel0_IRQHandler                 0x080001d7   Thumb Code     0  startup_gd32f450.o(.text)
    DMA0_Channel1_IRQHandler                 0x080001d7   Thumb Code     0  startup_gd32f450.o(.text)
    DMA0_Channel2_IRQHandler                 0x080001d7   Thumb Code     0  startup_gd32f450.o(.text)
    DMA0_Channel3_IRQHandler                 0x080001d7   Thumb Code     0  startup_gd32f450.o(.text)
    DMA0_Channel4_IRQHandler                 0x080001d7   Thumb Code     0  startup_gd32f450.o(.text)
    DMA0_Channel5_IRQHandler                 0x080001d7   Thumb Code     0  startup_gd32f450.o(.text)
    DMA0_Channel6_IRQHandler                 0x080001d7   Thumb Code     0  startup_gd32f450.o(.text)
    DMA0_Channel7_IRQHandler                 0x080001d7   Thumb Code     0  startup_gd32f450.o(.text)
    DMA1_Channel0_IRQHandler                 0x080001d7   Thumb Code     0  startup_gd32f450.o(.text)
    DMA1_Channel1_IRQHandler                 0x080001d7   Thumb Code     0  startup_gd32f450.o(.text)
    DMA1_Channel2_IRQHandler                 0x080001d7   Thumb Code     0  startup_gd32f450.o(.text)
    DMA1_Channel3_IRQHandler                 0x080001d7   Thumb Code     0  startup_gd32f450.o(.text)
    DMA1_Channel4_IRQHandler                 0x080001d7   Thumb Code     0  startup_gd32f450.o(.text)
    DMA1_Channel5_IRQHandler                 0x080001d7   Thumb Code     0  startup_gd32f450.o(.text)
    DMA1_Channel6_IRQHandler                 0x080001d7   Thumb Code     0  startup_gd32f450.o(.text)
    DMA1_Channel7_IRQHandler                 0x080001d7   Thumb Code     0  startup_gd32f450.o(.text)
    ENET_IRQHandler                          0x080001d7   Thumb Code     0  startup_gd32f450.o(.text)
    ENET_WKUP_IRQHandler                     0x080001d7   Thumb Code     0  startup_gd32f450.o(.text)
    EXMC_IRQHandler                          0x080001d7   Thumb Code     0  startup_gd32f450.o(.text)
    EXTI0_IRQHandler                         0x080001d7   Thumb Code     0  startup_gd32f450.o(.text)
    EXTI10_15_IRQHandler                     0x080001d7   Thumb Code     0  startup_gd32f450.o(.text)
    EXTI1_IRQHandler                         0x080001d7   Thumb Code     0  startup_gd32f450.o(.text)
    EXTI2_IRQHandler                         0x080001d7   Thumb Code     0  startup_gd32f450.o(.text)
    EXTI3_IRQHandler                         0x080001d7   Thumb Code     0  startup_gd32f450.o(.text)
    EXTI4_IRQHandler                         0x080001d7   Thumb Code     0  startup_gd32f450.o(.text)
    EXTI5_9_IRQHandler                       0x080001d7   Thumb Code     0  startup_gd32f450.o(.text)
    FMC_IRQHandler                           0x080001d7   Thumb Code     0  startup_gd32f450.o(.text)
    FPU_IRQHandler                           0x080001d7   Thumb Code     0  startup_gd32f450.o(.text)
    I2C0_ER_IRQHandler                       0x080001d7   Thumb Code     0  startup_gd32f450.o(.text)
    I2C0_EV_IRQHandler                       0x080001d7   Thumb Code     0  startup_gd32f450.o(.text)
    I2C1_ER_IRQHandler                       0x080001d7   Thumb Code     0  startup_gd32f450.o(.text)
    I2C1_EV_IRQHandler                       0x080001d7   Thumb Code     0  startup_gd32f450.o(.text)
    I2C2_ER_IRQHandler                       0x080001d7   Thumb Code     0  startup_gd32f450.o(.text)
    I2C2_EV_IRQHandler                       0x080001d7   Thumb Code     0  startup_gd32f450.o(.text)
    IPA_IRQHandler                           0x080001d7   Thumb Code     0  startup_gd32f450.o(.text)
    LVD_IRQHandler                           0x080001d7   Thumb Code     0  startup_gd32f450.o(.text)
    RCU_CTC_IRQHandler                       0x080001d7   Thumb Code     0  startup_gd32f450.o(.text)
    RTC_Alarm_IRQHandler                     0x080001d7   Thumb Code     0  startup_gd32f450.o(.text)
    RTC_WKUP_IRQHandler                      0x080001d7   Thumb Code     0  startup_gd32f450.o(.text)
    SDIO_IRQHandler                          0x080001d7   Thumb Code     0  startup_gd32f450.o(.text)
    SPI0_IRQHandler                          0x080001d7   Thumb Code     0  startup_gd32f450.o(.text)
    SPI1_IRQHandler                          0x080001d7   Thumb Code     0  startup_gd32f450.o(.text)
    SPI2_IRQHandler                          0x080001d7   Thumb Code     0  startup_gd32f450.o(.text)
    SPI3_IRQHandler                          0x080001d7   Thumb Code     0  startup_gd32f450.o(.text)
    SPI4_IRQHandler                          0x080001d7   Thumb Code     0  startup_gd32f450.o(.text)
    SPI5_IRQHandler                          0x080001d7   Thumb Code     0  startup_gd32f450.o(.text)
    TAMPER_STAMP_IRQHandler                  0x080001d7   Thumb Code     0  startup_gd32f450.o(.text)
    TIMER0_BRK_TIMER8_IRQHandler             0x080001d7   Thumb Code     0  startup_gd32f450.o(.text)
    TIMER0_CC_IRQHandler                     0x080001d7   Thumb Code     0  startup_gd32f450.o(.text)
    TIMER0_TRG_CMT_TIMER10_IRQHandler        0x080001d7   Thumb Code     0  startup_gd32f450.o(.text)
    TIMER0_UP_TIMER9_IRQHandler              0x080001d7   Thumb Code     0  startup_gd32f450.o(.text)
    TIMER1_IRQHandler                        0x080001d7   Thumb Code     0  startup_gd32f450.o(.text)
    TIMER3_IRQHandler                        0x080001d7   Thumb Code     0  startup_gd32f450.o(.text)
    TIMER4_IRQHandler                        0x080001d7   Thumb Code     0  startup_gd32f450.o(.text)
    TIMER5_DAC_IRQHandler                    0x080001d7   Thumb Code     0  startup_gd32f450.o(.text)
    TIMER6_IRQHandler                        0x080001d7   Thumb Code     0  startup_gd32f450.o(.text)
    TIMER7_BRK_TIMER11_IRQHandler            0x080001d7   Thumb Code     0  startup_gd32f450.o(.text)
    TIMER7_CC_IRQHandler                     0x080001d7   Thumb Code     0  startup_gd32f450.o(.text)
    TIMER7_TRG_CMT_TIMER13_IRQHandler        0x080001d7   Thumb Code     0  startup_gd32f450.o(.text)
    TIMER7_UP_TIMER12_IRQHandler             0x080001d7   Thumb Code     0  startup_gd32f450.o(.text)
    TLI_ER_IRQHandler                        0x080001d7   Thumb Code     0  startup_gd32f450.o(.text)
    TLI_IRQHandler                           0x080001d7   Thumb Code     0  startup_gd32f450.o(.text)
    TRNG_IRQHandler                          0x080001d7   Thumb Code     0  startup_gd32f450.o(.text)
    UART3_IRQHandler                         0x080001d7   Thumb Code     0  startup_gd32f450.o(.text)
    UART4_IRQHandler                         0x080001d7   Thumb Code     0  startup_gd32f450.o(.text)
    UART6_IRQHandler                         0x080001d7   Thumb Code     0  startup_gd32f450.o(.text)
    UART7_IRQHandler                         0x080001d7   Thumb Code     0  startup_gd32f450.o(.text)
    USART0_IRQHandler                        0x080001d7   Thumb Code     0  startup_gd32f450.o(.text)
    USART1_IRQHandler                        0x080001d7   Thumb Code     0  startup_gd32f450.o(.text)
    USART2_IRQHandler                        0x080001d7   Thumb Code     0  startup_gd32f450.o(.text)
    USART5_IRQHandler                        0x080001d7   Thumb Code     0  startup_gd32f450.o(.text)
    USBHS_EP1_In_IRQHandler                  0x080001d7   Thumb Code     0  startup_gd32f450.o(.text)
    USBHS_EP1_Out_IRQHandler                 0x080001d7   Thumb Code     0  startup_gd32f450.o(.text)
    USBHS_IRQHandler                         0x080001d7   Thumb Code     0  startup_gd32f450.o(.text)
    USBHS_WKUP_IRQHandler                    0x080001d7   Thumb Code     0  startup_gd32f450.o(.text)
    WWDGT_IRQHandler                         0x080001d7   Thumb Code     0  startup_gd32f450.o(.text)
    __scatterload                            0x080001e1   Thumb Code    28  init.o(.text)
    __scatterload_rt2                        0x080001e1   Thumb Code     0  init.o(.text)
    __decompress                             0x08000205   Thumb Code     0  __dczerorl2.o(.text)
    __decompress1                            0x08000205   Thumb Code    86  __dczerorl2.o(.text)
    BusFault_Handler                         0x0800025b   Thumb Code     4  gd32f4xx_it.o(i.BusFault_Handler)
    DebugMon_Handler                         0x0800025f   Thumb Code     2  gd32f4xx_it.o(i.DebugMon_Handler)
    HardFault_Handler                        0x08000261   Thumb Code     4  gd32f4xx_it.o(i.HardFault_Handler)
    MemManage_Handler                        0x08000265   Thumb Code     4  gd32f4xx_it.o(i.MemManage_Handler)
    NMI_Handler                              0x08000269   Thumb Code     2  gd32f4xx_it.o(i.NMI_Handler)
    PendSV_Handler                           0x0800026b   Thumb Code     2  gd32f4xx_it.o(i.PendSV_Handler)
    STORAGE_init                             0x0800026d   Thumb Code    76  usbd_stroage_access.o(i.STORAGE_init)
    STORAGE_read                             0x080002c9   Thumb Code    32  usbd_stroage_access.o(i.STORAGE_read)
    STORAGE_write                            0x080002e9   Thumb Code    38  usbd_stroage_access.o(i.STORAGE_write)
    SVC_Handler                              0x0800030f   Thumb Code     2  gd32f4xx_it.o(i.SVC_Handler)
    SysTick_Handler                          0x08000311   Thumb Code     2  gd32f4xx_it.o(i.SysTick_Handler)
    SystemInit                               0x08000315   Thumb Code   104  system_gd32f4xx.o(i.SystemInit)
    TIMER2_IRQHandler                        0x0800038d   Thumb Code     8  gd32f4xx_it.o(i.TIMER2_IRQHandler)
    USBFS_IRQHandler                         0x08000395   Thumb Code    10  gd32f4xx_it.o(i.USBFS_IRQHandler)
    USBFS_WKUP_IRQHandler                    0x080003a5   Thumb Code    52  gd32f4xx_it.o(i.USBFS_WKUP_IRQHandler)
    UsageFault_Handler                       0x080003dd   Thumb Code     4  gd32f4xx_it.o(i.UsageFault_Handler)
    __scatterload_copy                       0x080003e1   Thumb Code    14  handlers.o(i.__scatterload_copy)
    __scatterload_null                       0x080003ef   Thumb Code     2  handlers.o(i.__scatterload_null)
    __scatterload_zeroinit                   0x080003f1   Thumb Code    14  handlers.o(i.__scatterload_zeroinit)
    bbb_report_array_to_host                 0x08000401   Thumb Code   168  usbd_bbb_scsi.o(i.bbb_report_array_to_host)
    bbb_set_csw                              0x080004bd   Thumb Code    18  usbd_bbb_scsi.o(i.bbb_set_csw)
    disk_initialize                          0x08000ba1   Thumb Code    48  diskio.o(i.disk_initialize)
    disk_ioctl                               0x08000bd1   Thumb Code    82  diskio.o(i.disk_ioctl)
    disk_read                                0x08000c23   Thumb Code    74  diskio.o(i.disk_read)
    disk_status                              0x08000c6d   Thumb Code    58  diskio.o(i.disk_status)
    disk_write                               0x08000cad   Thumb Code    80  diskio.o(i.disk_write)
    exti_init                                0x08000cfd   Thumb Code   178  gd32f4xx_exti.o(i.exti_init)
    exti_interrupt_flag_clear                0x08000db5   Thumb Code     6  gd32f4xx_exti.o(i.exti_interrupt_flag_clear)
    f_mkfs                                   0x08000dc1   Thumb Code  1710  ff.o(i.f_mkfs)
    f_mount                                  0x080014a5   Thumb Code    80  ff.o(i.f_mount)
    f_open                                   0x080014f9   Thumb Code   502  ff.o(i.f_open)
    f_read                                   0x080016ef   Thumb Code   462  ff.o(i.f_read)
    f_unlink                                 0x080018bd   Thumb Code   170  ff.o(i.f_unlink)
    fmc_erase_sector                         0x08001cc1   Thumb Code    32  iap.o(i.fmc_erase_sector)
    fmc_flag_clear                           0x08001ce1   Thumb Code     6  gd32f4xx_fmc.o(i.fmc_flag_clear)
    fmc_lock                                 0x08001ced   Thumb Code    14  gd32f4xx_fmc.o(i.fmc_lock)
    fmc_ready_wait                           0x08001d01   Thumb Code    20  gd32f4xx_fmc.o(i.fmc_ready_wait)
    fmc_sector_erase                         0x08001d15   Thumb Code    82  gd32f4xx_fmc.o(i.fmc_sector_erase)
    fmc_sector_get                           0x08001d6d   Thumb Code   182  iap.o(i.fmc_sector_get)
    fmc_state_get                            0x08001e51   Thumb Code    80  gd32f4xx_fmc.o(i.fmc_state_get)
    fmc_unlock                               0x08001ea5   Thumb Code    24  gd32f4xx_fmc.o(i.fmc_unlock)
    fmc_word_program                         0x08001ec9   Thumb Code    72  gd32f4xx_fmc.o(i.fmc_word_program)
    fmc_write_32bit_data                     0x08001f15   Thumb Code    60  iap.o(i.fmc_write_32bit_data)
    gd_eval_key_init                         0x08001ff9   Thumb Code    98  gd32f450i_eval.o(i.gd_eval_key_init)
    gd_eval_key_state_get                    0x08002079   Thumb Code    22  gd32f450i_eval.o(i.gd_eval_key_state_get)
    gd_eval_led_init                         0x08002099   Thumb Code    70  gd32f450i_eval.o(i.gd_eval_led_init)
    gd_eval_led_toggle                       0x080020ed   Thumb Code    16  gd32f450i_eval.o(i.gd_eval_led_toggle)
    get_fattime                              0x08002239   Thumb Code     4  diskio.o(i.get_fattime)
    gpio_af_set                              0x0800228f   Thumb Code    94  gd32f4xx_gpio.o(i.gpio_af_set)
    gpio_bit_reset                           0x080022ed   Thumb Code     4  gd32f4xx_gpio.o(i.gpio_bit_reset)
    gpio_bit_set                             0x080022f1   Thumb Code     4  gd32f4xx_gpio.o(i.gpio_bit_set)
    gpio_input_bit_get                       0x080022f5   Thumb Code    16  gd32f4xx_gpio.o(i.gpio_input_bit_get)
    gpio_mode_set                            0x08002305   Thumb Code    78  gd32f4xx_gpio.o(i.gpio_mode_set)
    gpio_output_options_set                  0x08002353   Thumb Code    66  gd32f4xx_gpio.o(i.gpio_output_options_set)
    main                                     0x08002475   Thumb Code   114  main.o(i.main)
    msc_data_handler                         0x08002581   Thumb Code    78  usbd_msc_core.o(i.msc_data_handler)
    msc_deinit                               0x080025d5   Thumb Code    44  usbd_msc_core.o(i.msc_deinit)
    msc_init                                 0x08002609   Thumb Code    50  usbd_msc_core.o(i.msc_init)
    msc_req_handler                          0x08002649   Thumb Code   148  usbd_msc_core.o(i.msc_req_handler)
    nvic_irq_enable                          0x080026ed   Thumb Code   186  gd32f4xx_misc.o(i.nvic_irq_enable)
    nvic_priority_group_set                  0x080027b1   Thumb Code    10  gd32f4xx_misc.o(i.nvic_priority_group_set)
    nvic_vector_table_set                    0x080027c5   Thumb Code    12  gd32f4xx_misc.o(i.nvic_vector_table_set)
    pmu_to_deepsleepmode                     0x080027d9   Thumb Code    58  gd32f4xx_pmu.o(i.pmu_to_deepsleepmode)
    process_scsi_command                     0x0800281d   Thumb Code  1178  usbd_bbb_scsi.o(i.process_scsi_command)
    qspi_io23_output_enable                  0x08002e59   Thumb Code    14  gd32f4xx_spi.o(i.qspi_io23_output_enable)
    rcu_ck48m_clock_config                   0x08002e69   Thumb Code    18  gd32f4xx_rcu.o(i.rcu_ck48m_clock_config)
    rcu_osci_off                             0x08002e81   Thumb Code    32  gd32f4xx_rcu.o(i.rcu_osci_off)
    rcu_periph_clock_enable                  0x08002ea5   Thumb Code    32  gd32f4xx_rcu.o(i.rcu_periph_clock_enable)
    rcu_pll48m_clock_config                  0x08002ec9   Thumb Code    18  gd32f4xx_rcu.o(i.rcu_pll48m_clock_config)
    scsi_command_parse                       0x08002f7d   Thumb Code    22  usbd_bbb_scsi.o(i.scsi_command_parse)
    spi_crc_polynomial_set                   0x08002f9d   Thumb Code    12  gd32f4xx_spi.o(i.spi_crc_polynomial_set)
    spi_enable                               0x08002fa9   Thumb Code    10  gd32f4xx_spi.o(i.spi_enable)
    spi_flash_buffer_read                    0x08002fb5   Thumb Code    80  gd25qxx.o(i.spi_flash_buffer_read)
    spi_flash_buffer_write                   0x08003009   Thumb Code   290  gd25qxx.o(i.spi_flash_buffer_write)
    spi_flash_init                           0x0800312d   Thumb Code   168  gd25qxx.o(i.spi_flash_init)
    spi_flash_page_write                     0x080031e1   Thumb Code    86  gd25qxx.o(i.spi_flash_page_write)
    spi_flash_read_id                        0x0800323d   Thumb Code    78  gd25qxx.o(i.spi_flash_read_id)
    spi_flash_sector_erase                   0x08003291   Thumb Code    62  gd25qxx.o(i.spi_flash_sector_erase)
    spi_flash_send_byte                      0x080032d5   Thumb Code    50  gd25qxx.o(i.spi_flash_send_byte)
    spi_flash_wait_for_write_end             0x0800330d   Thumb Code    50  gd25qxx.o(i.spi_flash_wait_for_write_end)
    spi_flash_write_enable                   0x08003345   Thumb Code    30  gd25qxx.o(i.spi_flash_write_enable)
    spi_i2s_data_receive                     0x08003369   Thumb Code     8  gd32f4xx_spi.o(i.spi_i2s_data_receive)
    spi_i2s_data_transmit                    0x08003371   Thumb Code     4  gd32f4xx_spi.o(i.spi_i2s_data_transmit)
    spi_i2s_flag_get                         0x08003375   Thumb Code    16  gd32f4xx_spi.o(i.spi_i2s_flag_get)
    spi_init                                 0x08003385   Thumb Code    50  gd32f4xx_spi.o(i.spi_init)
    syscfg_exti_line_config                  0x080034dd   Thumb Code   166  gd32f4xx_syscfg.o(i.syscfg_exti_line_config)
    system_clock_config                      0x08003685   Thumb Code   118  main.o(i.system_clock_config)
    timer_auto_reload_shadow_enable          0x0800370d   Thumb Code    10  gd32f4xx_timer.o(i.timer_auto_reload_shadow_enable)
    timer_disable                            0x08003717   Thumb Code    10  gd32f4xx_timer.o(i.timer_disable)
    timer_enable                             0x08003721   Thumb Code    10  gd32f4xx_timer.o(i.timer_enable)
    timer_init                               0x0800372d   Thumb Code   122  gd32f4xx_timer.o(i.timer_init)
    timer_interrupt_disable                  0x080037c5   Thumb Code     8  gd32f4xx_timer.o(i.timer_interrupt_disable)
    timer_interrupt_enable                   0x080037cd   Thumb Code     8  gd32f4xx_timer.o(i.timer_interrupt_enable)
    timer_interrupt_flag_clear               0x080037d5   Thumb Code     8  gd32f4xx_timer.o(i.timer_interrupt_flag_clear)
    timer_interrupt_flag_get                 0x080037dd   Thumb Code    24  gd32f4xx_timer.o(i.timer_interrupt_flag_get)
    update_application                       0x080037f5   Thumb Code   238  iap.o(i.update_application)
    usb_clock_config                         0x08003911   Thumb Code    24  main.o(i.usb_clock_config)
    usb_clock_ungate                         0x08003929   Thumb Code    48  usb_core.o(i.usb_clock_ungate)
    usb_core_init                            0x08003975   Thumb Code   196  usb_core.o(i.usb_core_init)
    usb_core_select                          0x08003a85   Thumb Code    66  usb_core.o(i.usb_core_select)
    usb_devcore_init                         0x08003ac9   Thumb Code   450  usb_core.o(i.usb_devcore_init)
    usb_ep0_startout                         0x08003cdd   Thumb Code    86  usb_core.o(i.usb_ep0_startout)
    usb_fifo_read                            0x08003d39   Thumb Code    28  usb_core.o(i.usb_fifo_read)
    usb_fifo_write                           0x08003d59   Thumb Code    42  usb_core.o(i.usb_fifo_write)
    usb_gpio_config                          0x08003d85   Thumb Code    60  main.o(i.usb_gpio_config)
    usb_interrupt_config                     0x08003dc5   Thumb Code    22  main.o(i.usb_interrupt_config)
    usb_mdelay                               0x08003ddb   Thumb Code    14  usb_delay.o(i.usb_mdelay)
    usb_mode_set                             0x08003de9   Thumb Code    84  usb_core.o(i.usb_mode_set)
    usb_rxfifo_flush                         0x08003e3d   Thumb Code    62  usb_core.o(i.usb_rxfifo_flush)
    usb_timer_init                           0x08003e81   Thumb Code    40  usb_delay.o(i.usb_timer_init)
    usb_timer_irq                            0x08003ea9   Thumb Code    46  usb_delay.o(i.usb_timer_irq)
    usb_txfifo_flush                         0x08003ee1   Thumb Code    68  usb_core.o(i.usb_txfifo_flush)
    usb_udelay                               0x08003f29   Thumb Code    14  usb_delay.o(i.usb_udelay)
    usbd_ctlstatus_rx                        0x0800401b   Thumb Code    30  usbd_core.o(i.usbd_ctlstatus_rx)
    usbd_ctlstatus_tx                        0x08004039   Thumb Code    30  usbd_core.o(i.usbd_ctlstatus_tx)
    usbd_ctltx                               0x08004057   Thumb Code    38  usbd_core.o(i.usbd_ctltx)
    usbd_enum_error                          0x08004169   Thumb Code    30  usbd_std.o(i.usbd_enum_error)
    usbd_ep_clear_stall                      0x08004187   Thumb Code   158  usbd_core.o(i.usbd_ep_clear_stall)
    usbd_ep_deinit                           0x08004225   Thumb Code    98  usbd_core.o(i.usbd_ep_deinit)
    usbd_ep_init                             0x0800428d   Thumb Code   248  usbd_core.o(i.usbd_ep_init)
    usbd_ep_rx                               0x08004389   Thumb Code   276  usbd_core.o(i.usbd_ep_rx)
    usbd_ep_stall                            0x080044a1   Thumb Code   100  usbd_core.o(i.usbd_ep_stall)
    usbd_ep_tx                               0x08004505   Thumb Code   316  usbd_core.o(i.usbd_ep_tx)
    usbd_in_transaction                      0x08004741   Thumb Code   184  usbd_std.o(i.usbd_in_transaction)
    usbd_init                                0x080047f9   Thumb Code   124  usbd_core.o(i.usbd_init)
    usbd_isr                                 0x08004e41   Thumb Code   212  usbd_int.o(i.usbd_isr)
    usbd_out_transaction                     0x08004f15   Thumb Code   126  usbd_std.o(i.usbd_out_transaction)
    usbd_setup_transaction                   0x080051c7   Thumb Code    84  usbd_std.o(i.usbd_setup_transaction)
    device_descripter                        0x0800528e   Data          18  usbd_msc_core.o(.constdata)
    configuration_descriptor                 0x080052a0   Data          32  usbd_msc_core.o(.constdata)
    usbd_language_id_desc                    0x080052c0   Data           4  usbd_msc_core.o(.constdata)
    Region$$Table$$Base                      0x080052f0   Number         0  anon$$obj.o(Region$$Table)
    Region$$Table$$Limit                     0x08005310   Number         0  anon$$obj.o(Region$$Table)
    delay_time                               0x20000000   Data           4  usb_delay.o(.data)
    timer_prescaler                          0x20000004   Data           4  usb_delay.o(.data)
    res                                      0x20000008   Data           1  iap.o(.data)
    usbhs_core_dev                           0x2000000c   Data         288  main.o(.data)
    JumpAddress                              0x2000012c   Data           4  main.o(.data)
    Jump_To_Application                      0x20000130   Data           4  main.o(.data)
    disk_inquiry_data                        0x20000134   Data          36  usbd_bbb_scsi.o(.data)
    format_capacities_data                   0x20000158   Data          12  usbd_bbb_scsi.o(.data)
    read_capacities_data                     0x20000164   Data           8  usbd_bbb_scsi.o(.data)
    request_sense_data                       0x2000016c   Data          18  usbd_bbb_scsi.o(.data)
    sense6_data                              0x2000017e   Data           8  usbd_bbb_scsi.o(.data)
    g_bbb_transport_stage                    0x20000186   Data           1  usbd_bbb_scsi.o(.data)
    error_data                               0x20000187   Data           1  usbd_bbb_scsi.o(.data)
    p_bbb_return_data                        0x20000188   Data           4  usbd_bbb_scsi.o(.data)
    g_return_data_length                     0x2000018c   Data           4  usbd_bbb_scsi.o(.data)
    block_len                                0x20000190   Data           4  usbd_bbb_scsi.o(.data)
    block_addr                               0x20000194   Data           4  usbd_bbb_scsi.o(.data)
    usbd_int_fops                            0x2000021c   Data           4  usbd_msc_core.o(.data)
    usbd_strings                             0x20000220   Data          16  usbd_msc_core.o(.data)
    fs                                       0x200002e4   Data        4148  iap.o(.bss)
    file                                     0x20001318   Data        4136  iap.o(.bss)
    work                                     0x20002340   Data        4096  iap.o(.bss)
    scsi_cmd                                 0x20003340   Data          16  usbd_bbb_scsi.o(.bss)
    bbb_data                                 0x20003350   Data        4096  usbd_bbb_scsi.o(.bss)
    bbb_cbw                                  0x20004350   Data          32  usbd_bbb_scsi.o(.bss)
    bbb_csw                                  0x20004370   Data          16  usbd_bbb_scsi.o(.bss)
    __initial_sp                             0x20004790   Data           0  startup_gd32f450.o(STACK)



==============================================================================

Memory Map of the image

  Image Entry point : 0x080001a9

  Load Region LR_IROM1 (Base: 0x08000000, Size: 0x000055f4, Max: 0x00100000, ABSOLUTE, COMPRESSED[0x00005450])

    Execution Region ER_IROM1 (Exec base: 0x08000000, Load base: 0x08000000, Size: 0x00005310, Max: 0x00100000, ABSOLUTE)

    Exec Addr    Load Addr    Size         Type   Attr      Idx    E Section Name        Object

    0x08000000   0x08000000   0x000001a8   Data   RO         6194    RESET               startup_gd32f450.o
    0x080001a8   0x080001a8   0x00000000   Code   RO         6952  * .ARM.Collect$$$$00000000  mc_w.l(entry.o)
    0x080001a8   0x080001a8   0x00000004   Code   RO         6955    .ARM.Collect$$$$00000001  mc_w.l(entry2.o)
    0x080001ac   0x080001ac   0x00000004   Code   RO         6958    .ARM.Collect$$$$00000004  mc_w.l(entry5.o)
    0x080001b0   0x080001b0   0x00000000   Code   RO         6960    .ARM.Collect$$$$00000008  mc_w.l(entry7b.o)
    0x080001b0   0x080001b0   0x00000000   Code   RO         6962    .ARM.Collect$$$$0000000A  mc_w.l(entry8b.o)
    0x080001b0   0x080001b0   0x00000008   Code   RO         6963    .ARM.Collect$$$$0000000B  mc_w.l(entry9a.o)
    0x080001b8   0x080001b8   0x00000000   Code   RO         6965    .ARM.Collect$$$$0000000D  mc_w.l(entry10a.o)
    0x080001b8   0x080001b8   0x00000000   Code   RO         6967    .ARM.Collect$$$$0000000F  mc_w.l(entry11a.o)
    0x080001b8   0x080001b8   0x00000004   Code   RO         6956    .ARM.Collect$$$$00002712  mc_w.l(entry2.o)
    0x080001bc   0x080001bc   0x00000024   Code   RO         6195    .text               startup_gd32f450.o
    0x080001e0   0x080001e0   0x00000024   Code   RO         6969    .text               mc_w.l(init.o)
    0x08000204   0x08000204   0x00000056   Code   RO         6979    .text               mc_w.l(__dczerorl2.o)
    0x0800025a   0x0800025a   0x00000004   Code   RO            3    i.BusFault_Handler  gd32f4xx_it.o
    0x0800025e   0x0800025e   0x00000002   Code   RO            4    i.DebugMon_Handler  gd32f4xx_it.o
    0x08000260   0x08000260   0x00000004   Code   RO            5    i.HardFault_Handler  gd32f4xx_it.o
    0x08000264   0x08000264   0x00000004   Code   RO            6    i.MemManage_Handler  gd32f4xx_it.o
    0x08000268   0x08000268   0x00000002   Code   RO            7    i.NMI_Handler       gd32f4xx_it.o
    0x0800026a   0x0800026a   0x00000002   Code   RO            8    i.PendSV_Handler    gd32f4xx_it.o
    0x0800026c   0x0800026c   0x0000005c   Code   RO          624    i.STORAGE_init      usbd_stroage_access.o
    0x080002c8   0x080002c8   0x00000020   Code   RO          625    i.STORAGE_read      usbd_stroage_access.o
    0x080002e8   0x080002e8   0x00000026   Code   RO          626    i.STORAGE_write     usbd_stroage_access.o
    0x0800030e   0x0800030e   0x00000002   Code   RO            9    i.SVC_Handler       gd32f4xx_it.o
    0x08000310   0x08000310   0x00000002   Code   RO           10    i.SysTick_Handler   gd32f4xx_it.o
    0x08000312   0x08000312   0x00000002   PAD
    0x08000314   0x08000314   0x00000078   Code   RO          658    i.SystemInit        system_gd32f4xx.o
    0x0800038c   0x0800038c   0x00000008   Code   RO           11    i.TIMER2_IRQHandler  gd32f4xx_it.o
    0x08000394   0x08000394   0x00000010   Code   RO           12    i.USBFS_IRQHandler  gd32f4xx_it.o
    0x080003a4   0x080003a4   0x00000038   Code   RO           13    i.USBFS_WKUP_IRQHandler  gd32f4xx_it.o
    0x080003dc   0x080003dc   0x00000004   Code   RO           14    i.UsageFault_Handler  gd32f4xx_it.o
    0x080003e0   0x080003e0   0x0000000e   Code   RO         6973    i.__scatterload_copy  mc_w.l(handlers.o)
    0x080003ee   0x080003ee   0x00000002   Code   RO         6974    i.__scatterload_null  mc_w.l(handlers.o)
    0x080003f0   0x080003f0   0x0000000e   Code   RO         6975    i.__scatterload_zeroinit  mc_w.l(handlers.o)
    0x080003fe   0x080003fe   0x00000002   PAD
    0x08000400   0x08000400   0x000000bc   Code   RO          527    i.bbb_report_array_to_host  usbd_bbb_scsi.o
    0x080004bc   0x080004bc   0x0000001c   Code   RO          528    i.bbb_set_csw       usbd_bbb_scsi.o
    0x080004d8   0x080004d8   0x0000007c   Code   RO         6665    i.check_fs          ff.o
    0x08000554   0x08000554   0x00000014   Code   RO         6666    i.chk_chr           ff.o
    0x08000568   0x08000568   0x0000001a   Code   RO         6667    i.clst2sect         ff.o
    0x08000582   0x08000582   0x00000120   Code   RO         6668    i.create_chain      ff.o
    0x080006a2   0x080006a2   0x00000002   PAD
    0x080006a4   0x080006a4   0x00000104   Code   RO         6669    i.create_name       ff.o
    0x080007a8   0x080007a8   0x00000034   Code   RO         6670    i.dbc_1st           ff.o
    0x080007dc   0x080007dc   0x00000048   Code   RO         6671    i.dbc_2nd           ff.o
    0x08000824   0x08000824   0x00000060   Code   RO         6672    i.dir_alloc         ff.o
    0x08000884   0x08000884   0x00000060   Code   RO         6673    i.dir_clear         ff.o
    0x080008e4   0x080008e4   0x0000006c   Code   RO         6674    i.dir_find          ff.o
    0x08000950   0x08000950   0x000000da   Code   RO         6675    i.dir_next          ff.o
    0x08000a2a   0x08000a2a   0x00000074   Code   RO         6676    i.dir_read          ff.o
    0x08000a9e   0x08000a9e   0x0000003c   Code   RO         6677    i.dir_register      ff.o
    0x08000ada   0x08000ada   0x00000020   Code   RO         6678    i.dir_remove        ff.o
    0x08000afa   0x08000afa   0x000000a6   Code   RO         6679    i.dir_sdi           ff.o
    0x08000ba0   0x08000ba0   0x00000030   Code   RO         6614    i.disk_initialize   diskio.o
    0x08000bd0   0x08000bd0   0x00000052   Code   RO         6615    i.disk_ioctl        diskio.o
    0x08000c22   0x08000c22   0x0000004a   Code   RO         6616    i.disk_read         diskio.o
    0x08000c6c   0x08000c6c   0x00000040   Code   RO         6617    i.disk_status       diskio.o
    0x08000cac   0x08000cac   0x00000050   Code   RO         6618    i.disk_write        diskio.o
    0x08000cfc   0x08000cfc   0x000000b8   Code   RO         2791    i.exti_init         gd32f4xx_exti.o
    0x08000db4   0x08000db4   0x0000000c   Code   RO         2794    i.exti_interrupt_flag_clear  gd32f4xx_exti.o
    0x08000dc0   0x08000dc0   0x000006e4   Code   RO         6685    i.f_mkfs            ff.o
    0x080014a4   0x080014a4   0x00000054   Code   RO         6686    i.f_mount           ff.o
    0x080014f8   0x080014f8   0x000001f6   Code   RO         6687    i.f_open            ff.o
    0x080016ee   0x080016ee   0x000001ce   Code   RO         6689    i.f_read            ff.o
    0x080018bc   0x080018bc   0x000000aa   Code   RO         6695    i.f_unlink          ff.o
    0x08001966   0x08001966   0x00000002   PAD
    0x08001968   0x08001968   0x00000358   Code   RO         6697    i.find_volume       ff.o
    0x08001cc0   0x08001cc0   0x00000020   Code   RO          422    i.fmc_erase_sector  iap.o
    0x08001ce0   0x08001ce0   0x0000000c   Code   RO         2875    i.fmc_flag_clear    gd32f4xx_fmc.o
    0x08001cec   0x08001cec   0x00000014   Code   RO         2880    i.fmc_lock          gd32f4xx_fmc.o
    0x08001d00   0x08001d00   0x00000014   Code   RO         2882    i.fmc_ready_wait    gd32f4xx_fmc.o
    0x08001d14   0x08001d14   0x00000058   Code   RO         2883    i.fmc_sector_erase  gd32f4xx_fmc.o
    0x08001d6c   0x08001d6c   0x000000e4   Code   RO          423    i.fmc_sector_get    iap.o
    0x08001e50   0x08001e50   0x00000054   Code   RO         2884    i.fmc_state_get     gd32f4xx_fmc.o
    0x08001ea4   0x08001ea4   0x00000024   Code   RO         2885    i.fmc_unlock        gd32f4xx_fmc.o
    0x08001ec8   0x08001ec8   0x0000004c   Code   RO         2886    i.fmc_word_program  gd32f4xx_fmc.o
    0x08001f14   0x08001f14   0x0000003c   Code   RO          424    i.fmc_write_32bit_data  iap.o
    0x08001f50   0x08001f50   0x000000a8   Code   RO         6698    i.follow_path       ff.o
    0x08001ff8   0x08001ff8   0x00000080   Code   RO         6137    i.gd_eval_key_init  gd32f450i_eval.o
    0x08002078   0x08002078   0x00000020   Code   RO         6138    i.gd_eval_key_state_get  gd32f450i_eval.o
    0x08002098   0x08002098   0x00000054   Code   RO         6139    i.gd_eval_led_init  gd32f450i_eval.o
    0x080020ec   0x080020ec   0x00000018   Code   RO         6142    i.gd_eval_led_toggle  gd32f450i_eval.o
    0x08002104   0x08002104   0x00000132   Code   RO         6699    i.get_fat           ff.o
    0x08002236   0x08002236   0x00000002   PAD
    0x08002238   0x08002238   0x00000008   Code   RO         6619    i.get_fattime       diskio.o
    0x08002240   0x08002240   0x0000004e   Code   RO         6701    i.get_ldnumber      ff.o
    0x0800228e   0x0800228e   0x0000005e   Code   RO         3140    i.gpio_af_set       gd32f4xx_gpio.o
    0x080022ec   0x080022ec   0x00000004   Code   RO         3141    i.gpio_bit_reset    gd32f4xx_gpio.o
    0x080022f0   0x080022f0   0x00000004   Code   RO         3142    i.gpio_bit_set      gd32f4xx_gpio.o
    0x080022f4   0x080022f4   0x00000010   Code   RO         3146    i.gpio_input_bit_get  gd32f4xx_gpio.o
    0x08002304   0x08002304   0x0000004e   Code   RO         3148    i.gpio_mode_set     gd32f4xx_gpio.o
    0x08002352   0x08002352   0x00000042   Code   RO         3150    i.gpio_output_options_set  gd32f4xx_gpio.o
    0x08002394   0x08002394   0x0000002c   Code   RO          246    i.hwp_delay         usb_delay.o
    0x080023c0   0x080023c0   0x00000068   Code   RO          247    i.hwp_time_set      usb_delay.o
    0x08002428   0x08002428   0x00000026   Code   RO         6702    i.ld_clust          ff.o
    0x0800244e   0x0800244e   0x00000018   Code   RO         6703    i.ld_dword          ff.o
    0x08002466   0x08002466   0x0000000c   Code   RO         6704    i.ld_word           ff.o
    0x08002472   0x08002472   0x00000002   PAD
    0x08002474   0x08002474   0x00000088   Code   RO          473    i.main              main.o
    0x080024fc   0x080024fc   0x00000024   Code   RO         6705    i.mem_cmp           ff.o
    0x08002520   0x08002520   0x0000001a   Code   RO         6706    i.mem_cpy           ff.o
    0x0800253a   0x0800253a   0x00000012   Code   RO         6707    i.mem_set           ff.o
    0x0800254c   0x0800254c   0x00000034   Code   RO         6708    i.move_window       ff.o
    0x08002580   0x08002580   0x00000054   Code   RO          575    i.msc_data_handler  usbd_msc_core.o
    0x080025d4   0x080025d4   0x00000034   Code   RO          576    i.msc_deinit        usbd_msc_core.o
    0x08002608   0x08002608   0x00000040   Code   RO          577    i.msc_init          usbd_msc_core.o
    0x08002648   0x08002648   0x000000a4   Code   RO          578    i.msc_req_handler   usbd_msc_core.o
    0x080026ec   0x080026ec   0x000000c4   Code   RO         3707    i.nvic_irq_enable   gd32f4xx_misc.o
    0x080027b0   0x080027b0   0x00000014   Code   RO         3708    i.nvic_priority_group_set  gd32f4xx_misc.o
    0x080027c4   0x080027c4   0x00000014   Code   RO         3709    i.nvic_vector_table_set  gd32f4xx_misc.o
    0x080027d8   0x080027d8   0x00000044   Code   RO         3777    i.pmu_to_deepsleepmode  gd32f4xx_pmu.o
    0x0800281c   0x0800281c   0x000004ac   Code   RO          529    i.process_scsi_command  usbd_bbb_scsi.o
    0x08002cc8   0x08002cc8   0x00000190   Code   RO         6709    i.put_fat           ff.o
    0x08002e58   0x08002e58   0x0000000e   Code   RO         4750    i.qspi_io23_output_enable  gd32f4xx_spi.o
    0x08002e66   0x08002e66   0x00000002   PAD
    0x08002e68   0x08002e68   0x00000018   Code   RO         3902    i.rcu_ck48m_clock_config  gd32f4xx_rcu.o
    0x08002e80   0x08002e80   0x00000024   Code   RO         3920    i.rcu_osci_off      gd32f4xx_rcu.o
    0x08002ea4   0x08002ea4   0x00000024   Code   RO         3924    i.rcu_periph_clock_enable  gd32f4xx_rcu.o
    0x08002ec8   0x08002ec8   0x00000018   Code   RO         3929    i.rcu_pll48m_clock_config  gd32f4xx_rcu.o
    0x08002ee0   0x08002ee0   0x0000009a   Code   RO         6710    i.remove_chain      ff.o
    0x08002f7a   0x08002f7a   0x00000002   PAD
    0x08002f7c   0x08002f7c   0x00000020   Code   RO          530    i.scsi_command_parse  usbd_bbb_scsi.o
    0x08002f9c   0x08002f9c   0x0000000c   Code   RO         4760    i.spi_crc_polynomial_set  gd32f4xx_spi.o
    0x08002fa8   0x08002fa8   0x0000000a   Code   RO         4764    i.spi_enable        gd32f4xx_spi.o
    0x08002fb2   0x08002fb2   0x00000002   PAD
    0x08002fb4   0x08002fb4   0x00000054   Code   RO          304    i.spi_flash_buffer_read  gd25qxx.o
    0x08003008   0x08003008   0x00000122   Code   RO          305    i.spi_flash_buffer_write  gd25qxx.o
    0x0800312a   0x0800312a   0x00000002   PAD
    0x0800312c   0x0800312c   0x000000b4   Code   RO          307    i.spi_flash_init    gd25qxx.o
    0x080031e0   0x080031e0   0x0000005c   Code   RO          308    i.spi_flash_page_write  gd25qxx.o
    0x0800323c   0x0800323c   0x00000054   Code   RO          310    i.spi_flash_read_id  gd25qxx.o
    0x08003290   0x08003290   0x00000044   Code   RO          311    i.spi_flash_sector_erase  gd25qxx.o
    0x080032d4   0x080032d4   0x00000038   Code   RO          312    i.spi_flash_send_byte  gd25qxx.o
    0x0800330c   0x0800330c   0x00000038   Code   RO          315    i.spi_flash_wait_for_write_end  gd25qxx.o
    0x08003344   0x08003344   0x00000024   Code   RO          316    i.spi_flash_write_enable  gd25qxx.o
    0x08003368   0x08003368   0x00000008   Code   RO         4766    i.spi_i2s_data_receive  gd32f4xx_spi.o
    0x08003370   0x08003370   0x00000004   Code   RO         4767    i.spi_i2s_data_transmit  gd32f4xx_spi.o
    0x08003374   0x08003374   0x00000010   Code   RO         4769    i.spi_i2s_flag_get  gd32f4xx_spi.o
    0x08003384   0x08003384   0x00000032   Code   RO         4773    i.spi_init          gd32f4xx_spi.o
    0x080033b6   0x080033b6   0x00000024   Code   RO         6711    i.st_clust          ff.o
    0x080033da   0x080033da   0x00000018   Code   RO         6712    i.st_dword          ff.o
    0x080033f2   0x080033f2   0x0000000c   Code   RO         6713    i.st_word           ff.o
    0x080033fe   0x080033fe   0x00000002   PAD
    0x08003400   0x08003400   0x00000090   Code   RO         6714    i.sync_fs           ff.o
    0x08003490   0x08003490   0x0000004a   Code   RO         6715    i.sync_window       ff.o
    0x080034da   0x080034da   0x00000002   PAD
    0x080034dc   0x080034dc   0x000000ac   Code   RO         4995    i.syscfg_exti_line_config  gd32f4xx_syscfg.o
    0x08003588   0x08003588   0x000000fc   Code   RO          659    i.system_clock_168m_25m_hxtal  system_gd32f4xx.o
    0x08003684   0x08003684   0x00000080   Code   RO          474    i.system_clock_config  main.o
    0x08003704   0x08003704   0x00000008   Code   RO          660    i.system_clock_config  system_gd32f4xx.o
    0x0800370c   0x0800370c   0x0000000a   Code   RO         5053    i.timer_auto_reload_shadow_enable  gd32f4xx_timer.o
    0x08003716   0x08003716   0x0000000a   Code   RO         5085    i.timer_disable     gd32f4xx_timer.o
    0x08003720   0x08003720   0x0000000a   Code   RO         5089    i.timer_enable      gd32f4xx_timer.o
    0x0800372a   0x0800372a   0x00000002   PAD
    0x0800372c   0x0800372c   0x00000098   Code   RO         5099    i.timer_init        gd32f4xx_timer.o
    0x080037c4   0x080037c4   0x00000008   Code   RO         5105    i.timer_interrupt_disable  gd32f4xx_timer.o
    0x080037cc   0x080037cc   0x00000008   Code   RO         5106    i.timer_interrupt_enable  gd32f4xx_timer.o
    0x080037d4   0x080037d4   0x00000008   Code   RO         5107    i.timer_interrupt_flag_clear  gd32f4xx_timer.o
    0x080037dc   0x080037dc   0x00000018   Code   RO         5108    i.timer_interrupt_flag_get  gd32f4xx_timer.o
    0x080037f4   0x080037f4   0x0000011c   Code   RO          425    i.update_application  iap.o
    0x08003910   0x08003910   0x00000018   Code   RO          475    i.usb_clock_config  main.o
    0x08003928   0x08003928   0x00000038   Code   RO         6201    i.usb_clock_ungate  usb_core.o
    0x08003960   0x08003960   0x00000014   Code   RO         6202    i.usb_commonint_enable  usb_core.o
    0x08003974   0x08003974   0x000000c4   Code   RO         6203    i.usb_core_init     usb_core.o
    0x08003a38   0x08003a38   0x0000004c   Code   RO         6204    i.usb_core_reset    usb_core.o
    0x08003a84   0x08003a84   0x00000042   Code   RO         6205    i.usb_core_select   usb_core.o
    0x08003ac6   0x08003ac6   0x00000002   PAD
    0x08003ac8   0x08003ac8   0x000001d0   Code   RO         6206    i.usb_devcore_init  usb_core.o
    0x08003c98   0x08003c98   0x00000044   Code   RO         6208    i.usb_devint_enable  usb_core.o
    0x08003cdc   0x08003cdc   0x0000005c   Code   RO         6209    i.usb_ep0_startout  usb_core.o
    0x08003d38   0x08003d38   0x00000020   Code   RO         6210    i.usb_fifo_read     usb_core.o
    0x08003d58   0x08003d58   0x0000002a   Code   RO         6211    i.usb_fifo_write    usb_core.o
    0x08003d82   0x08003d82   0x00000002   PAD
    0x08003d84   0x08003d84   0x00000040   Code   RO          476    i.usb_gpio_config   main.o
    0x08003dc4   0x08003dc4   0x00000016   Code   RO          477    i.usb_interrupt_config  main.o
    0x08003dda   0x08003dda   0x0000000e   Code   RO          248    i.usb_mdelay        usb_delay.o
    0x08003de8   0x08003de8   0x00000054   Code   RO         6212    i.usb_mode_set      usb_core.o
    0x08003e3c   0x08003e3c   0x00000044   Code   RO         6214    i.usb_rxfifo_flush  usb_core.o
    0x08003e80   0x08003e80   0x00000028   Code   RO          249    i.usb_timer_init    usb_delay.o
    0x08003ea8   0x08003ea8   0x00000038   Code   RO          250    i.usb_timer_irq     usb_delay.o
    0x08003ee0   0x08003ee0   0x00000048   Code   RO         6215    i.usb_txfifo_flush  usb_core.o
    0x08003f28   0x08003f28   0x0000000e   Code   RO          251    i.usb_udelay        usb_delay.o
    0x08003f36   0x08003f36   0x000000d4   Code   RO         6479    i.usbd_clrfeature   usbd_std.o
    0x0800400a   0x0800400a   0x00000010   Code   RO         6480    i.usbd_configuration_descriptor_get  usbd_std.o
    0x0800401a   0x0800401a   0x0000001e   Code   RO         6305    i.usbd_ctlstatus_rx  usbd_core.o
    0x08004038   0x08004038   0x0000001e   Code   RO         6306    i.usbd_ctlstatus_tx  usbd_core.o
    0x08004056   0x08004056   0x00000026   Code   RO         6307    i.usbd_ctltx        usbd_core.o
    0x0800407c   0x0800407c   0x00000048   Code   RO         6481    i.usbd_device_class_request  usbd_std.o
    0x080040c4   0x080040c4   0x00000010   Code   RO         6482    i.usbd_device_descriptor_get  usbd_std.o
    0x080040d4   0x080040d4   0x00000094   Code   RO         6396    i.usbd_emptytxfifo_write  usbd_int.o
    0x08004168   0x08004168   0x0000001e   Code   RO         6483    i.usbd_enum_error   usbd_std.o
    0x08004186   0x08004186   0x0000009e   Code   RO         6308    i.usbd_ep_clear_stall  usbd_core.o
    0x08004224   0x08004224   0x00000068   Code   RO         6309    i.usbd_ep_deinit    usbd_core.o
    0x0800428c   0x0800428c   0x000000fc   Code   RO         6311    i.usbd_ep_init      usbd_core.o
    0x08004388   0x08004388   0x00000118   Code   RO         6312    i.usbd_ep_rx        usbd_core.o
    0x080044a0   0x080044a0   0x00000064   Code   RO         6313    i.usbd_ep_stall     usbd_core.o
    0x08004504   0x08004504   0x00000144   Code   RO         6314    i.usbd_ep_tx        usbd_core.o
    0x08004648   0x08004648   0x0000004e   Code   RO         6484    i.usbd_getconfig    usbd_std.o
    0x08004696   0x08004696   0x00000002   PAD
    0x08004698   0x08004698   0x00000094   Code   RO         6485    i.usbd_getdescriptor  usbd_std.o
    0x0800472c   0x0800472c   0x00000012   Code   RO         6486    i.usbd_getinterface  usbd_std.o
    0x0800473e   0x0800473e   0x00000002   Code   RO         6487    i.usbd_getstatus    usbd_std.o
    0x08004740   0x08004740   0x000000b8   Code   RO         6488    i.usbd_in_transaction  usbd_std.o
    0x080047f8   0x080047f8   0x00000080   Code   RO         6315    i.usbd_init         usbd_core.o
    0x08004878   0x08004878   0x0000001c   Code   RO         6397    i.usbd_intf_earlysuspend  usbd_int.o
    0x08004894   0x08004894   0x000000a0   Code   RO         6398    i.usbd_intf_enumfinish  usbd_int.o
    0x08004934   0x08004934   0x0000010c   Code   RO         6399    i.usbd_intf_inep    usbd_int.o
    0x08004a40   0x08004a40   0x00000010   Code   RO         6400    i.usbd_intf_isoinincomplete  usbd_int.o
    0x08004a50   0x08004a50   0x00000010   Code   RO         6401    i.usbd_intf_isooutincomplete  usbd_int.o
    0x08004a60   0x08004a60   0x0000010c   Code   RO         6402    i.usbd_intf_outep   usbd_int.o
    0x08004b6c   0x08004b6c   0x00000144   Code   RO         6403    i.usbd_intf_reset   usbd_int.o
    0x08004cb0   0x08004cb0   0x00000016   Code   RO         6404    i.usbd_intf_resume  usbd_int.o
    0x08004cc6   0x08004cc6   0x00000002   PAD
    0x08004cc8   0x08004cc8   0x000000f0   Code   RO         6405    i.usbd_intf_rxfifo  usbd_int.o
    0x08004db8   0x08004db8   0x00000024   Code   RO         6406    i.usbd_intf_sof     usbd_int.o
    0x08004ddc   0x08004ddc   0x00000064   Code   RO         6407    i.usbd_intf_suspend  usbd_int.o
    0x08004e40   0x08004e40   0x000000d4   Code   RO         6408    i.usbd_isr          usbd_int.o
    0x08004f14   0x08004f14   0x0000007e   Code   RO         6489    i.usbd_out_transaction  usbd_std.o
    0x08004f92   0x08004f92   0x00000002   Code   RO         6490    i.usbd_reserved     usbd_std.o
    0x08004f94   0x08004f94   0x00000054   Code   RO         6491    i.usbd_setaddress   usbd_std.o
    0x08004fe8   0x08004fe8   0x000000ac   Code   RO         6492    i.usbd_setconfig    usbd_std.o
    0x08005094   0x08005094   0x00000002   Code   RO         6493    i.usbd_setdescriptor  usbd_std.o
    0x08005096   0x08005096   0x00000002   PAD
    0x08005098   0x08005098   0x000000e8   Code   RO         6494    i.usbd_setfeature   usbd_std.o
    0x08005180   0x08005180   0x00000012   Code   RO         6495    i.usbd_setinterface  usbd_std.o
    0x08005192   0x08005192   0x00000034   Code   RO         6496    i.usbd_setup_request_parse  usbd_std.o
    0x080051c6   0x080051c6   0x00000054   Code   RO         6497    i.usbd_setup_transaction  usbd_std.o
    0x0800521a   0x0800521a   0x00000002   PAD
    0x0800521c   0x0800521c   0x0000001c   Code   RO         6498    i.usbd_standard_request  usbd_std.o
    0x08005238   0x08005238   0x00000012   Code   RO         6499    i.usbd_string_descriptor_get  usbd_std.o
    0x0800524a   0x0800524a   0x00000002   Code   RO         6500    i.usbd_synchframe   usbd_std.o
    0x0800524c   0x0800524c   0x00000006   Code   RO         6501    i.usbd_vendor_request  usbd_std.o
    0x08005252   0x08005252   0x0000003c   Code   RO         6716    i.validate          ff.o
    0x0800528e   0x0800528e   0x00000036   Data   RO          579    .constdata          usbd_msc_core.o
    0x080052c4   0x080052c4   0x00000004   Data   RO         6409    .constdata          usbd_int.o
    0x080052c8   0x080052c8   0x00000026   Data   RO         6718    .constdata          ff.o
    0x080052ee   0x080052ee   0x00000002   PAD
    0x080052f0   0x080052f0   0x00000020   Data   RO         6971    Region$$Table       anon$$obj.o


    Execution Region RW_IRAM1 (Exec base: 0x20000000, Load base: 0x08005310, Size: 0x00004790, Max: 0x00030000, ABSOLUTE, COMPRESSED[0x00000140])

    Exec Addr    Load Addr    Size         Type   Attr      Idx    E Section Name        Object

    0x20000000   COMPRESSED   0x00000008   Data   RW          252    .data               usb_delay.o
    0x20000008   COMPRESSED   0x00000001   Data   RW          427    .data               iap.o
    0x20000009   COMPRESSED   0x00000003   PAD
    0x2000000c   COMPRESSED   0x00000128   Data   RW          478    .data               main.o
    0x20000134   COMPRESSED   0x00000068   Data   RW          532    .data               usbd_bbb_scsi.o
    0x2000019c   COMPRESSED   0x00000094   Data   RW          580    .data               usbd_msc_core.o
    0x20000230   COMPRESSED   0x00000061   Data   RW         6143    .data               gd32f450i_eval.o
    0x20000291   COMPRESSED   0x00000001   PAD
    0x20000292   COMPRESSED   0x00000008   Data   RW         6216    .data               usb_core.o
    0x2000029a   COMPRESSED   0x00000004   Data   RW         6410    .data               usbd_int.o
    0x2000029e   COMPRESSED   0x00000002   PAD
    0x200002a0   COMPRESSED   0x00000041   Data   RW         6502    .data               usbd_std.o
    0x200002e1   COMPRESSED   0x00000001   PAD
    0x200002e2   COMPRESSED   0x00000002   Data   RW         6719    .data               ff.o
    0x200002e4        -       0x0000305c   Zero   RW          426    .bss                iap.o
    0x20003340        -       0x00001040   Zero   RW          531    .bss                usbd_bbb_scsi.o
    0x20004380        -       0x00000010   Zero   RW         6717    .bss                ff.o
    0x20004390        -       0x00000400   Zero   RW         6192    STACK               startup_gd32f450.o


==============================================================================

Image component sizes


      Code (inc. data)   RO Data    RW Data    ZI Data      Debug   Object Name

       356         10          0          0          0       5876   diskio.o
      7234        158         38          2         16      48608   ff.o
       946         52          0          0          0       6764   gd25qxx.o
       268         62          0         97          0       3571   gd32f450i_eval.o
       196         12          0          0          0       1460   gd32f4xx_exti.o
       336         38          0          0          0       4748   gd32f4xx_fmc.o
       262          0          0          0          0       4769   gd32f4xx_gpio.o
       106         10          0          0          0      86133   gd32f4xx_it.o
       236         28          0          0          0       2320   gd32f4xx_misc.o
        68         10          0          0          0        715   gd32f4xx_pmu.o
       120         20          0          0          0       2660   gd32f4xx_rcu.o
       114          0          0          0          0       5513   gd32f4xx_spi.o
       172          6          0          0          0        850   gd32f4xx_syscfg.o
       230         30          0          0          0       6153   gd32f4xx_timer.o
       604         92          0          1      12380       7351   iap.o
       374         36          0        296          0       4982   main.o
        36          8        424          0       1024        920   startup_gd32f450.o
       380         30          0          0          0       1897   system_gd32f4xx.o
      1336         58          0          8          0      10245   usb_core.o
       272         28          0          8          0       4044   usb_delay.o
      1444        118          0        104       4160       5879   usbd_bbb_scsi.o
      1444         26          0          0          0       8685   usbd_core.o
      1838         60          4          4          0      11011   usbd_int.o
       364         44         54        148          0       5455   usbd_msc_core.o
      1602         26          0         65          0      17060   usbd_std.o
       162         16          0          0          0       2641   usbd_stroage_access.o

    ----------------------------------------------------------------------
     20536        978        554        740      17580     260310   Object Totals
         0          0         32          0          0          0   (incl. Generated)
        36          0          2          7          0          0   (incl. Padding)

    ----------------------------------------------------------------------

      Code (inc. data)   RO Data    RW Data    ZI Data      Debug   Library Member Name

        86          0          0          0          0          0   __dczerorl2.o
         0          0          0          0          0          0   entry.o
         0          0          0          0          0          0   entry10a.o
         0          0          0          0          0          0   entry11a.o
         8          4          0          0          0          0   entry2.o
         4          0          0          0          0          0   entry5.o
         0          0          0          0          0          0   entry7b.o
         0          0          0          0          0          0   entry8b.o
         8          4          0          0          0          0   entry9a.o
        30          0          0          0          0          0   handlers.o
        36          8          0          0          0         68   init.o

    ----------------------------------------------------------------------
       174         16          0          0          0         68   Library Totals
         2          0          0          0          0          0   (incl. Padding)

    ----------------------------------------------------------------------

      Code (inc. data)   RO Data    RW Data    ZI Data      Debug   Library Name

       172         16          0          0          0         68   mc_w.l

    ----------------------------------------------------------------------
       174         16          0          0          0         68   Library Totals

    ----------------------------------------------------------------------

==============================================================================


      Code (inc. data)   RO Data    RW Data    ZI Data      Debug   

     20710        994        554        740      17580     241462   Grand Totals
     20710        994        554        320      17580     241462   ELF Image Totals (compressed)
     20710        994        554        320          0          0   ROM Totals

==============================================================================

    Total RO  Size (Code + RO Data)                21264 (  20.77kB)
    Total RW  Size (RW Data + ZI Data)             18320 (  17.89kB)
    Total ROM Size (Code + RO Data + RW Data)      21584 (  21.08kB)

==============================================================================

